Component: ARM Compiler 5.06 update 6 (build 750) Tool: armlink [4d35ed]

==============================================================================

Section Cross References

    startup_stm32f103xb.o(STACK) refers (Special) to heapauxi.o(.text) for __use_two_region_memory
    startup_stm32f103xb.o(HEAP) refers (Special) to heapauxi.o(.text) for __use_two_region_memory
    startup_stm32f103xb.o(RESET) refers (Special) to heapauxi.o(.text) for __use_two_region_memory
    startup_stm32f103xb.o(RESET) refers to startup_stm32f103xb.o(STACK) for __initial_sp
    startup_stm32f103xb.o(RESET) refers to startup_stm32f103xb.o(.text) for Reset_Handler
    startup_stm32f103xb.o(RESET) refers to stm32f1xx_it.o(i.NMI_Handler) for NMI_Handler
    startup_stm32f103xb.o(RESET) refers to stm32f1xx_it.o(i.HardFault_Handler) for HardFault_Handler
    startup_stm32f103xb.o(RESET) refers to stm32f1xx_it.o(i.MemManage_Handler) for MemManage_Handler
    startup_stm32f103xb.o(RESET) refers to stm32f1xx_it.o(i.BusFault_Handler) for BusFault_Handler
    startup_stm32f103xb.o(RESET) refers to stm32f1xx_it.o(i.UsageFault_Handler) for UsageFault_Handler
    startup_stm32f103xb.o(RESET) refers to port.o(.emb_text) for SVC_Handler
    startup_stm32f103xb.o(RESET) refers to stm32f1xx_it.o(i.DebugMon_Handler) for DebugMon_Handler
    startup_stm32f103xb.o(RESET) refers to stm32f1xx_it.o(i.SysTick_Handler) for SysTick_Handler
    startup_stm32f103xb.o(RESET) refers to stm32f1xx_it.o(i.ADC1_2_IRQHandler) for ADC1_2_IRQHandler
    startup_stm32f103xb.o(RESET) refers to stm32f1xx_it.o(i.USART2_IRQHandler) for USART2_IRQHandler
    startup_stm32f103xb.o(.text) refers (Special) to heapauxi.o(.text) for __use_two_region_memory
    startup_stm32f103xb.o(.text) refers to system_stm32f1xx.o(i.SystemInit) for SystemInit
    startup_stm32f103xb.o(.text) refers to __main.o(!!!main) for __main
    startup_stm32f103xb.o(.text) refers to startup_stm32f103xb.o(HEAP) for Heap_Mem
    startup_stm32f103xb.o(.text) refers to startup_stm32f103xb.o(STACK) for Stack_Mem
    main.o(i.MX_ADC1_Init) refers to stm32f1xx_hal_adc.o(i.HAL_ADC_Init) for HAL_ADC_Init
    main.o(i.MX_ADC1_Init) refers to stm32f1xx_hal_adc.o(i.HAL_ADC_ConfigChannel) for HAL_ADC_ConfigChannel
    main.o(i.MX_ADC1_Init) refers to main.o(.bss) for .bss
    main.o(i.SystemClock_Config) refers to rt_memclr_w.o(.text) for __aeabi_memclr4
    main.o(i.SystemClock_Config) refers to stm32f1xx_hal_rcc.o(i.HAL_RCC_OscConfig) for HAL_RCC_OscConfig
    main.o(i.SystemClock_Config) refers to stm32f1xx_hal_rcc.o(i.HAL_RCC_ClockConfig) for HAL_RCC_ClockConfig
    main.o(i.SystemClock_Config) refers to stm32f1xx_hal_rcc_ex.o(i.HAL_RCCEx_PeriphCLKConfig) for HAL_RCCEx_PeriphCLKConfig
    main.o(i.Task_read) refers to stm32f1xx_hal_adc.o(i.HAL_ADC_Start) for HAL_ADC_Start
    main.o(i.Task_read) refers to cmsis_os.o(i.osDelay) for osDelay
    main.o(i.Task_read) refers to stm32f1xx_hal_adc.o(i.HAL_ADC_GetValue) for HAL_ADC_GetValue
    main.o(i.Task_read) refers to cmsis_os.o(i.osMessagePut) for osMessagePut
    main.o(i.Task_read) refers to stm32f1xx_hal_adc.o(i.HAL_ADC_Stop) for HAL_ADC_Stop
    main.o(i.Task_read) refers to main.o(.data) for .data
    main.o(i.Task_read) refers to main.o(.bss) for .bss
    main.o(i.Task_show) refers to cmsis_os.o(i.osMessageGet) for osMessageGet
    main.o(i.Task_show) refers to response_ci.o(i.response_print2) for response_print2
    main.o(i.Task_show) refers to cmsis_os.o(i.osDelay) for osDelay
    main.o(i.Task_show) refers to main.o(.data) for .data
    main.o(i.main) refers to stm32f1xx_hal.o(i.HAL_Init) for HAL_Init
    main.o(i.main) refers to main.o(i.SystemClock_Config) for SystemClock_Config
    main.o(i.main) refers to main.o(i.MX_ADC1_Init) for MX_ADC1_Init
    main.o(i.main) refers to stm32f1xx_hal_uart.o(i.HAL_UART_Init) for HAL_UART_Init
    main.o(i.main) refers to response_ci.o(i.response_init2) for response_init2
    main.o(i.main) refers to rt_memcpy_w.o(.text) for __aeabi_memcpy4
    main.o(i.main) refers to cmsis_os.o(i.osThreadCreate) for osThreadCreate
    main.o(i.main) refers to cmsis_os.o(i.osMutexCreate) for osMutexCreate
    main.o(i.main) refers to cmsis_os.o(i.osMessageCreate) for osMessageCreate
    main.o(i.main) refers to cmsis_os.o(i.osKernelStart) for osKernelStart
    main.o(i.main) refers to main.o(.bss) for .bss
    main.o(i.main) refers to main.o(.constdata) for .constdata
    main.o(i.main) refers to main.o(.data) for .data
    main.o(.constdata) refers to main.o(.conststring) for .conststring
    main.o(.constdata) refers to main.o(i.Task_read) for Task_read
    main.o(.constdata) refers to main.o(i.Task_show) for Task_show
    freertos.o(i.vApplicationGetIdleTaskMemory) refers to freertos.o(.bss) for .bss
    stm32f1xx_it.o(i.ADC1_2_IRQHandler) refers to stm32f1xx_hal_adc.o(i.HAL_ADC_IRQHandler) for HAL_ADC_IRQHandler
    stm32f1xx_it.o(i.ADC1_2_IRQHandler) refers to main.o(.bss) for hadc1
[...]
    i.prvInsertBlockIntoFreeList             0x08003a18   Section        0  heap_4.o(i.prvInsertBlockIntoFreeList)
    prvInsertBlockIntoFreeList               0x08003a19   Thumb Code    72  heap_4.o(i.prvInsertBlockIntoFreeList)
    i.prvIsQueueEmpty                        0x08003a64   Section        0  queue.o(i.prvIsQueueEmpty)
    prvIsQueueEmpty                          0x08003a65   Thumb Code    28  queue.o(i.prvIsQueueEmpty)
    i.prvResetNextTaskUnblockTime            0x08003a80   Section        0  tasks.o(i.prvResetNextTaskUnblockTime)
    prvResetNextTaskUnblockTime              0x08003a81   Thumb Code    26  tasks.o(i.prvResetNextTaskUnblockTime)
    i.prvTaskExitError                       0x08003aa0   Section        0  port.o(i.prvTaskExitError)
    prvTaskExitError                         0x08003aa1   Thumb Code    36  port.o(i.prvTaskExitError)
    i.prvUnlockQueue                         0x08003ac8   Section        0  queue.o(i.prvUnlockQueue)
    prvUnlockQueue                           0x08003ac9   Thumb Code   106  queue.o(i.prvUnlockQueue)
    i.pvPortMalloc                           0x08003b34   Section        0  heap_4.o(i.pvPortMalloc)
    i.pxPortInitialiseStack                  0x08003c0c   Section        0  port.o(i.pxPortInitialiseStack)
    i.response_init2                         0x08003c30   Section        0  response_ci.o(i.response_init2)
    i.response_print2                        0x08003c3c   Section        0  response_ci.o(i.response_print2)
    i.uxListRemove                           0x08003c6c   Section        0  list.o(i.uxListRemove)
    i.vApplicationGetIdleTaskMemory          0x08003c94   Section        0  freertos.o(i.vApplicationGetIdleTaskMemory)
    i.vListInitialise                        0x08003ca8   Section        0  list.o(i.vListInitialise)
    i.vListInitialiseItem                    0x08003cbe   Section        0  list.o(i.vListInitialiseItem)
    i.vListInsert                            0x08003cc4   Section        0  list.o(i.vListInsert)
    i.vListInsertEnd                         0x08003cf4   Section        0  list.o(i.vListInsertEnd)
    i.vPortEnterCritical                     0x08003d0c   Section        0  port.o(i.vPortEnterCritical)
    i.vPortExitCritical                      0x08003d4c   Section        0  port.o(i.vPortExitCritical)
    i.vPortFree                              0x08003d74   Section        0  heap_4.o(i.vPortFree)
    i.vPortSetupTimerInterrupt               0x08003dd0   Section        0  port.o(i.vPortSetupTimerInterrupt)
    i.vPortValidateInterruptPriority         0x08003df4   Section        0  port.o(i.vPortValidateInterruptPriority)
    i.vTaskDelay                             0x08003e48   Section        0  tasks.o(i.vTaskDelay)
    i.vTaskInternalSetTimeOutState           0x08003e94   Section        0  tasks.o(i.vTaskInternalSetTimeOutState)
    i.vTaskMissedYield                       0x08003ea4   Section        0  tasks.o(i.vTaskMissedYield)
    i.vTaskPlaceOnEventList                  0x08003eb0   Section        0  tasks.o(i.vTaskPlaceOnEventList)
    i.vTaskStartScheduler                    0x08003ee0   Section        0  tasks.o(i.vTaskStartScheduler)
    i.vTaskSuspendAll                        0x08003f4c   Section        0  tasks.o(i.vTaskSuspendAll)
    i.vTaskSwitchContext                     0x08003f5c   Section        0  tasks.o(i.vTaskSwitchContext)
    i.xPortStartScheduler                    0x08003fb8   Section        0  port.o(i.xPortStartScheduler)
    i.xPortSysTickHandler                    0x08004060   Section        0  port.o(i.xPortSysTickHandler)
    i.xQueueCreateMutex                      0x0800408c   Section        0  queue.o(i.xQueueCreateMutex)
    i.xQueueCreateMutexStatic                0x080040a2   Section        0  queue.o(i.xQueueCreateMutexStatic)
    i.xQueueGenericCreate                    0x080040bc   Section        0  queue.o(i.xQueueGenericCreate)
    i.xQueueGenericCreateStatic              0x08004104   Section        0  queue.o(i.xQueueGenericCreateStatic)
    i.xQueueGenericReset                     0x0800416c   Section        0  queue.o(i.xQueueGenericReset)
    i.xQueueGenericSend                      0x080041f4   Section        0  queue.o(i.xQueueGenericSend)
    i.xQueueGenericSendFromISR               0x08004354   Section        0  queue.o(i.xQueueGenericSendFromISR)
    i.xQueueReceive                          0x08004410   Section        0  queue.o(i.xQueueReceive)
    i.xQueueReceiveFromISR                   0x08004548   Section        0  queue.o(i.xQueueReceiveFromISR)
    i.xTaskCheckForTimeOut                   0x080045e4   Section        0  tasks.o(i.xTaskCheckForTimeOut)
    i.xTaskCreate                            0x08004658   Section        0  tasks.o(i.xTaskCreate)
    i.xTaskCreateStatic                      0x080046b2   Section        0  tasks.o(i.xTaskCreateStatic)
    i.xTaskGetSchedulerState                 0x08004708   Section        0  tasks.o(i.xTaskGetSchedulerState)
    i.xTaskIncrementTick                     0x08004724   Section        0  tasks.o(i.xTaskIncrementTick)
    i.xTaskPriorityDisinherit                0x080047ec   Section        0  tasks.o(i.xTaskPriorityDisinherit)
    i.xTaskRemoveFromEventList               0x08004884   Section        0  tasks.o(i.xTaskRemoveFromEventList)
    i.xTaskResumeAll                         0x080048f8   Section        0  tasks.o(i.xTaskResumeAll)
    locale$$code                             0x080049bc   Section       44  lc_numeric_c.o(locale$$code)
    locale$$code                             0x080049e8   Section       44  lc_ctype_c.o(locale$$code)
    x$fpl$printf1                            0x08004a14   Section        4  printf1.o(x$fpl$printf1)
    x$fpl$printf2                            0x08004a18   Section        4  printf2.o(x$fpl$printf2)
    .constdata                               0x08004a1c   Section       72  main.o(.constdata)
    x$fpl$usenofp                            0x08004a1c   Section        0  usenofp.o(x$fpl$usenofp)
    .constdata                               0x08004a64   Section       18  stm32f1xx_hal_rcc.o(.constdata)
    aPredivFactorTable                       0x08004a64   Data           2  stm32f1xx_hal_rcc.o(.constdata)
    aPLLMULFactorTable                       0x08004a66   Data          16  stm32f1xx_hal_rcc.o(.constdata)
    .constdata                               0x08004a76   Section       16  system_stm32f1xx.o(.constdata)
    .constdata                               0x08004a86   Section        8  system_stm32f1xx.o(.constdata)
    .constdata                               0x08004a90   Section        8  _printf_wctomb.o(.constdata)
    initial_mbstate                          0x08004a90   Data           8  _printf_wctomb.o(.constdata)
    .constdata                               0x08004a98   Section       40  _printf_hex_int_ll_ptr.o(.constdata)
    uc_hextab                                0x08004a98   Data          20  _printf_hex_int_ll_ptr.o(.constdata)
    lc_hextab                                0x08004aac   Data          20  _printf_hex_int_ll_ptr.o(.constdata)
    .constdata                               0x08004ac0   Section       17  __printf_flags_ss_wp.o(.constdata)
    maptable                                 0x08004ac0   Data          17  __printf_flags_ss_wp.o(.constdata)
    .constdata                               0x08004ad1   Section       38  _printf_fp_hex.o(.constdata)
    lc_hextab                                0x08004ad1   Data          19  _printf_fp_hex.o(.constdata)
    uc_hextab                                0x08004ae4   Data          19  _printf_fp_hex.o(.constdata)
    .constdata                               0x08004af8   Section      148  bigflt0.o(.constdata)
    tenpwrs_x                                0x08004af8   Data          60  bigflt0.o(.constdata)
    tenpwrs_i                                0x08004b34   Data          64  bigflt0.o(.constdata)
    .conststring                             0x08004b8c   Section       14  main.o(.conststring)
    locale$$data                             0x08004bbc   Section       28  lc_numeric_c.o(locale$$data)
    __lcnum_c_name                           0x08004bc0   Data           2  lc_numeric_c.o(locale$$data)
    __lcnum_c_start                          0x08004bc8   Data           0  lc_numeric_c.o(locale$$data)
    __lcnum_c_point                          0x08004bd4   Data           0  lc_numeric_c.o(locale$$data)
    __lcnum_c_thousands                      0x08004bd6   Data           0  lc_numeric_c.o(locale$$data)
    __lcnum_c_grouping                       0x08004bd7   Data           0  lc_numeric_c.o(locale$$data)
    locale$$data                             0x08004bd8   Section      272  lc_ctype_c.o(locale$$data)
    __lcnum_c_end                            0x08004bd8   Data           0  lc_numeric_c.o(locale$$data)
    __lcctype_c_name                         0x08004bdc   Data           2  lc_ctype_c.o(locale$$data)
    __lcctype_c_start                        0x08004be4   Data           0  lc_ctype_c.o(locale$$data)
    __lcctype_c_end                          0x08004ce8   Data           0  lc_ctype_c.o(locale$$data)
    .data                                    0x20000000   Section       16  main.o(.data)
    .data                                    0x20000010   Section       12  stm32f1xx_hal.o(.data)
    .data                                    0x2000001c   Section        4  system_stm32f1xx.o(.data)
    .data                                    0x20000020   Section       60  tasks.o(.data)
    pxDelayedTaskList                        0x20000024   Data           4  tasks.o(.data)
    pxOverflowDelayedTaskList                0x20000028   Data           4  tasks.o(.data)
    uxDeletedTasksWaitingCleanUp             0x2000002c   Data           4  tasks.o(.data)
    uxCurrentNumberOfTasks                   0x20000030   Data           4  tasks.o(.data)
    xTickCount                               0x20000034   Data           4  tasks.o(.data)
    uxTopReadyPriority                       0x20000038   Data           4  tasks.o(.data)
    xSchedulerRunning                        0x2000003c   Data           4  tasks.o(.data)
    uxPendedTicks                            0x20000040   Data           4  tasks.o(.data)
    xYieldPending                            0x20000044   Data           4  tasks.o(.data)
    xNumOfOverflows                          0x20000048   Data           4  tasks.o(.data)
    uxTaskNumber                             0x2000004c   Data           4  tasks.o(.data)
    xNextTaskUnblockTime                     0x20000050   Data           4  tasks.o(.data)
    xIdleTaskHandle                          0x20000054   Data           4  tasks.o(.data)
    uxSchedulerSuspended                     0x20000058   Data           4  tasks.o(.data)
    .data                                    0x2000005c   Section       24  heap_4.o(.data)
    pxEnd                                    0x2000005c   Data           4  heap_4.o(.data)
    xFreeBytesRemaining                      0x20000060   Data           4  heap_4.o(.data)
    xMinimumEverFreeBytesRemaining           0x20000064   Data           4  heap_4.o(.data)
    xBlockAllocatedBit                       0x20000068   Data           4  heap_4.o(.data)
    xStart                                   0x2000006c   Data           8  heap_4.o(.data)
    .data                                    0x20000074   Section       12  port.o(.data)
    ucMaxSysCallPriority                     0x20000074   Data           1  port.o(.data)
    uxCriticalNesting                        0x20000078   Data           4  port.o(.data)
    ulMaxPRIGROUPValue                       0x2000007c   Data           4  port.o(.data)
    .data                                    0x20000080   Section        8  response_ci.o(.data)
    huart_print1                             0x20000080   Data           4  response_ci.o(.data)
    huart_print2                             0x20000084   Data           4  response_ci.o(.data)
    .bss                                     0x20000088   Section      120  main.o(.bss)
    .bss                                     0x20000100   Section      596  freertos.o(.bss)
    xIdleTaskTCBBuffer                       0x20000100   Data          84  freertos.o(.bss)
    xIdleStack                               0x20000154   Data         512  freertos.o(.bss)
    .bss                                     0x20000354   Section      240  tasks.o(.bss)
    pxReadyTasksLists                        0x20000354   Data         140  tasks.o(.bss)
    xDelayedTaskList1                        0x200003e0   Data          20  tasks.o(.bss)
    xDelayedTaskList2                        0x200003f4   Data          20  tasks.o(.bss)
    xPendingReadyList                        0x20000408   Data          20  tasks.o(.bss)
    xTasksWaitingTermination                 0x2000041c   Data          20  tasks.o(.bss)
    xSuspendedTaskList                       0x20000430   Data          20  tasks.o(.bss)
    .bss                                     0x20000444   Section     3072  heap_4.o(.bss)
    ucHeap                                   0x20000444   Data        3072  heap_4.o(.bss)
    .bss                                     0x20001044   Section       96  libspace.o(.bss)
    HEAP                                     0x200010a8   Section      512  startup_stm32f103xb.o(HEAP)
    Heap_Mem                                 0x200010a8   Data         512  startup_stm32f103xb.o(HEAP)
    STACK                                    0x200012a8   Section     1024  startup_stm32f103xb.o(STACK)
    Stack_Mem                                0x200012a8   Data        1024  startup_stm32f103xb.o(STACK)
    __initial_sp                             0x200016a8   Data           0  startup_stm32f103xb.o(STACK)

    Global Symbols

    Symbol Name                              Value     Ov Type        Size  Object(Section)

    BuildAttributes$$THM_ISAv4$P$D$K$B$S$PE$A:L22UL41UL21$X:L11$S22US41US21$IEEE1$IW$USESV6$~STKCKD$USESV7$~SHL$OTIME$ROPI$IEEEJ$EBA8$UX$STANDARDLIB$REQ8$PRES8$EABIv2 0x00000000   Number         0  anon$$obj.o ABSOLUTE
    __ARM_use_no_argv                        0x00000000   Number         0  main.o ABSOLUTE
    _printf_flags                            0x00000000   Number         0  printf_stubs.o ABSOLUTE
    _printf_return_value                     0x00000000   Number         0  printf_stubs.o ABSOLUTE
    _printf_sizespec                         0x00000000   Number         0  printf_stubs.o ABSOLUTE
    _printf_widthprec                        0x00000000   Number         0  printf_stubs.o ABSOLUTE
    __ARM_exceptions_init                     - Undefined Weak Reference
    __alloca_initialize                       - Undefined Weak Reference
    __arm_preinit_                            - Undefined Weak Reference
    __cpp_initialize__aeabi_                  - Undefined Weak Reference
    __cxa_finalize                            - Undefined Weak Reference
    __sigvec_lookup                           - Undefined Weak Reference
    _atexit_init                              - Undefined Weak Reference
    _call_atexit_fns                          - Undefined Weak Reference
    _clock_init                               - Undefined Weak Reference
    _fp_trap_init                             - Undefined Weak Reference
    _fp_trap_shutdown                         - Undefined Weak Reference
    _get_lc_collate                           - Undefined Weak Reference
    _get_lc_monetary                          - Undefined Weak Reference
    _get_lc_time                              - Undefined Weak Reference
    _getenv_init                              - Undefined Weak Reference
    _handle_redirection                       - Undefined Weak Reference
    _init_alloc                               - Undefined Weak Reference
    _init_user_alloc                          - Undefined Weak Reference
    _initio                                   - Undefined Weak Reference
    _printf_mbtowc                            - Undefined Weak Reference
    _printf_wc                                - Undefined Weak Reference
    _rand_init                                - Undefined Weak Reference
    _signal_finish                            - Undefined Weak Reference
    _signal_init                              - Undefined Weak Reference
    _terminate_alloc                          - Undefined Weak Reference
    _terminate_user_alloc                     - Undefined Weak Reference
    _terminateio                              - Undefined Weak Reference
    __Vectors_Size                           0x000000ec   Number         0  startup_stm32f103xb.o ABSOLUTE
    __Vectors                                0x08000000   Data           4  startup_stm32f103xb.o(RESET)
    __Vectors_End                            0x080000ec   Data           0  startup_stm32f103xb.o(RESET)
    __main                                   0x080000ed   Thumb Code     8  __main.o(!!!main)
    __scatterload                            0x080000f5   Thumb Code     0  __scatter.o(!!!scatter)
    __scatterload_rt2                        0x080000f5   Thumb Code    44  __scatter.o(!!!scatter)
    __scatterload_rt2_thumb_only             0x080000f5   Thumb Code     0  __scatter.o(!!!scatter)
    __scatterload_null                       0x08000103   Thumb Code     0  __scatter.o(!!!scatter)
    __scatterload_copy                       0x08000129   Thumb Code    26  __scatter_copy.o(!!handler_copy)
    __scatterload_zeroinit                   0x08000145   Thumb Code    28  __scatter_zi.o(!!handler_zi)
    _printf_n                                0x08000161   Thumb Code     0  _printf_n.o(.ARM.Collect$$_printf_percent$$00000001)
    _printf_percent                          0x08000161   Thumb Code     0  _printf_percent.o(.ARM.Collect$$_printf_percent$$00000000)
    _printf_p                                0x08000167   Thumb Code     0  _printf_p.o(.ARM.Collect$$_printf_percent$$00000002)
    _printf_f                                0x0800016d   Thumb Code     0  _printf_f.o(.ARM.Collect$$_printf_percent$$00000003)
    _printf_e                                0x08000173   Thumb Code     0  _printf_e.o(.ARM.Collect$$_printf_percent$$00000004)
    _printf_g                                0x08000179   Thumb Code     0  _printf_g.o(.ARM.Collect$$_printf_percent$$00000005)
    _printf_a                                0x0800017f   Thumb Code     0  _printf_a.o(.ARM.Collect$$_printf_percent$$00000006)
    _printf_ll                               0x08000185   Thumb Code     0  _printf_ll.o(.ARM.Collect$$_printf_percent$$00000007)
    _printf_i                                0x0800018f   Thumb Code     0  _printf_i.o(.ARM.Collect$$_printf_percent$$00000008)
    _printf_d                                0x08000195   Thumb Code     0  _printf_d.o(.ARM.Collect$$_printf_percent$$00000009)
    _printf_u                                0x0800019b   Thumb Code     0  _printf_u.o(.ARM.Collect$$_printf_percent$$0000000A)
    _printf_o                                0x080001a1   Thumb Code     0  _printf_o.o(.ARM.Collect$$_printf_percent$$0000000B)
    _printf_x                                0x080001a7   Thumb Code     0  _printf_x.o(.ARM.Collect$$_printf_percent$$0000000C)
    _printf_lli                              0x080001ad   Thumb Code     0  _printf_lli.o(.ARM.Collect$$_printf_percent$$0000000D)
    _printf_lld                              0x080001b3   Thumb Code     0  _printf_lld.o(.ARM.Collect$$_printf_percent$$0000000E)
    _printf_llu                              0x080001b9   Thumb Code     0  _printf_llu.o(.ARM.Collect$$_printf_percent$$0000000F)
    _printf_llo                              0x080001bf   Thumb Code     0  _printf_llo.o(.ARM.Collect$$_printf_percent$$00000010)
    _printf_llx                              0x080001c5   Thumb Code     0  _printf_llx.o(.ARM.Collect$$_printf_percent$$00000011)
    _printf_l                                0x080001cb   Thumb Code     0  _printf_l.o(.ARM.Collect$$_printf_percent$$00000012)
    _printf_c                                0x080001d5   Thumb Code     0  _printf_c.o(.ARM.Collect$$_printf_percent$$00000013)
    _printf_s                                0x080001db   Thumb Code     0  _printf_s.o(.ARM.Collect$$_printf_percent$$00000014)
    _printf_lc                               0x080001e1   Thumb Code     0  _printf_lc.o(.ARM.Collect$$_printf_percent$$00000015)
    _printf_ls                               0x080001e7   Thumb Code     0  _printf_ls.o(.ARM.Collect$$_printf_percent$$00000016)
    _printf_percent_end                      0x080001ed   Thumb Code     0  _printf_percent_end.o(.ARM.Collect$$_printf_percent$$00000017)
    __rt_lib_init                            0x080001f1   Thumb Code     0  libinit.o(.ARM.Collect$$libinit$$00000000)
    __rt_lib_init_fp_1                       0x080001f3   Thumb Code     0  libinit2.o(.ARM.Collect$$libinit$$00000002)
    __rt_lib_init_heap_1                     0x080001f3   Thumb Code     0  libinit2.o(.ARM.Collect$$libinit$$0000000A)
    __rt_lib_init_lc_common                  0x080001f3   Thumb Code     0  libinit2.o(.ARM.Collect$$libinit$$0000000F)
    __rt_lib_init_preinit_1                  0x080001f3   Thumb Code     0  libinit2.o(.ARM.Collect$$libinit$$00000004)
    __rt_lib_init_rand_1                     0x080001f3   Thumb Code     0  libinit2.o(.ARM.Collect$$libinit$$0000000E)
    __rt_lib_init_user_alloc_1               0x080001f3   Thumb Code     0  libinit2.o(.ARM.Collect$$libinit$$0000000C)
    __rt_lib_init_lc_collate_1               0x080001f9   Thumb Code     0  libinit2.o(.ARM.Collect$$libinit$$00000011)
    __rt_lib_init_lc_ctype_2                 0x080001f9   Thumb Code     0  libinit2.o(.ARM.Collect$$libinit$$00000012)
    __rt_lib_init_lc_ctype_1                 0x08000205   Thumb Code     0  libinit2.o(.ARM.Collect$$libinit$$00000013)
    __rt_lib_init_lc_monetary_1              0x08000205   Thumb Code     0  libinit2.o(.ARM.Collect$$libinit$$00000015)
    __rt_lib_init_lc_numeric_2               0x08000205   Thumb Code     0  libinit2.o(.ARM.Collect$$libinit$$00000016)
    __rt_lib_init_alloca_1                   0x0800020f   Thumb Code     0  libinit2.o(.ARM.Collect$$libinit$$0000002E)
    __rt_lib_init_argv_1                     0x0800020f   Thumb Code     0  libinit2.o(.ARM.Collect$$libinit$$0000002C)
    __rt_lib_init_atexit_1                   0x0800020f   Thumb Code     0  libinit2.o(.ARM.Collect$$libinit$$0000001B)
    __rt_lib_init_clock_1                    0x0800020f   Thumb Code     0  libinit2.o(.ARM.Collect$$libinit$$00000021)
    __rt_lib_init_cpp_1                      0x0800020f   Thumb Code     0  libinit2.o(.ARM.Collect$$libinit$$00000032)
    __rt_lib_init_exceptions_1               0x0800020f   Thumb Code     0  libinit2.o(.ARM.Collect$$libinit$$00000030)
    __rt_lib_init_fp_trap_1                  0x0800020f   Thumb Code     0  libinit2.o(.ARM.Collect$$libinit$$0000001F)
    __rt_lib_init_getenv_1                   0x0800020f   Thumb Code     0  libinit2.o(.ARM.Collect$$libinit$$00000023)
    __rt_lib_init_lc_numeric_1               0x0800020f   Thumb Code     0  libinit2.o(.ARM.Collect$$libinit$$00000017)
    __rt_lib_init_lc_time_1                  0x0800020f   Thumb Code     0  libinit2.o(.ARM.Collect$$libinit$$00000019)
    __rt_lib_init_return                     0x0800020f   Thumb Code     0  libinit2.o(.ARM.Collect$$libinit$$00000033)
    __rt_lib_init_signal_1                   0x0800020f   Thumb Code     0  libinit2.o(.ARM.Collect$$libinit$$0000001D)
    __rt_lib_init_stdio_1                    0x0800020f   Thumb Code     0  libinit2.o(.ARM.Collect$$libinit$$00000025)
    __rt_lib_shutdown                        0x08000211   Thumb Code     0  libshutdown.o(.ARM.Collect$$libshutdown$$00000000)
    __rt_lib_shutdown_cpp_1                  0x08000213   Thumb Code     0  libshutdown2.o(.ARM.Collect$$libshutdown$$00000002)
    __rt_lib_shutdown_fp_trap_1              0x08000213   Thumb Code     0  libshutdown2.o(.ARM.Collect$$libshutdown$$00000007)
    __rt_lib_shutdown_heap_1                 0x08000213   Thumb Code     0  libshutdown2.o(.ARM.Collect$$libshutdown$$0000000F)
    __rt_lib_shutdown_return                 0x08000213   Thumb Code     0  libshutdown2.o(.ARM.Collect$$libshutdown$$00000010)
    __rt_lib_shutdown_signal_1               0x08000213   Thumb Code     0  libshutdown2.o(.ARM.Collect$$libshutdown$$0000000A)
    __rt_lib_shutdown_stdio_1                0x08000213   Thumb Code     0  libshutdown2.o(.ARM.Collect$$libshutdown$$00000004)
    __rt_lib_shutdown_user_alloc_1           0x08000213   Thumb Code     0  libshutdown2.o(.ARM.Collect$$libshutdown$$0000000C)
    __rt_entry                               0x08000215   Thumb Code     0  __rtentry.o(.ARM.Collect$$rtentry$$00000000)
    __rt_entry_presh_1                       0x08000215   Thumb Code     0  __rtentry2.o(.ARM.Collect$$rtentry$$00000002)
    __rt_entry_sh                            0x08000215   Thumb Code     0  __rtentry4.o(.ARM.Collect$$rtentry$$00000004)
    __rt_entry_li                            0x0800021b   Thumb Code     0  __rtentry2.o(.ARM.Collect$$rtentry$$0000000A)
    __rt_entry_postsh_1                      0x0800021b   Thumb Code     0  __rtentry2.o(.ARM.Collect$$rtentry$$00000009)
    __rt_entry_main                          0x0800021f   Thumb Code     0  __rtentry2.o(.ARM.Collect$$rtentry$$0000000D)
    __rt_entry_postli_1                      0x0800021f   Thumb Code     0  __rtentry2.o(.ARM.Collect$$rtentry$$0000000C)
    __rt_exit                                0x08000227   Thumb Code     0  rtexit.o(.ARM.Collect$$rtexit$$00000000)
    __rt_exit_ls                             0x08000229   Thumb Code     0  rtexit2.o(.ARM.Collect$$rtexit$$00000003)
    __rt_exit_prels_1                        0x08000229   Thumb Code     0  rtexit2.o(.ARM.Collect$$rtexit$$00000002)
    __rt_exit_exit                           0x0800022d   Thumb Code     0  rtexit2.o(.ARM.Collect$$rtexit$$00000004)
    SVC_Handler                              0x08000235   Thumb Code    32  port.o(.emb_text)
    __asm___6_port_c_39a90d8d__prvStartFirstTask 0x08000259   Thumb Code    28  port.o(.emb_text)
    PendSV_Handler                           0x08000279   Thumb Code    72  port.o(.emb_text)
    vPortGetIPSR                             0x080002c5   Thumb Code     6  port.o(.emb_text)
    Reset_Handler                            0x080002cd   Thumb Code     8  startup_stm32f103xb.o(.text)
    CAN1_RX1_IRQHandler                      0x080002e7   Thumb Code     0  startup_stm32f103xb.o(.text)
    CAN1_SCE_IRQHandler                      0x080002e7   Thumb Code     0  startup_stm32f103xb.o(.text)
    DMA1_Channel1_IRQHandler                 0x080002e7   Thumb Code     0  startup_stm32f103xb.o(.text)
    DMA1_Channel2_IRQHandler                 0x080002e7   Thumb Code     0  startup_stm32f103xb.o(.text)
    DMA1_Channel3_IRQHandler                 0x080002e7   Thumb Code     0  startup_stm32f103xb.o(.text)
    DMA1_Channel4_IRQHandler                 0x080002e7   Thumb Code     0  startup_stm32f103xb.o(.text)
    DMA1_Channel5_IRQHandler                 0x080002e7   Thumb Code     0  startup_stm32f103xb.o(.text)
    DMA1_Channel6_IRQHandler                 0x080002e7   Thumb Code     0  startup_stm32f103xb.o(.text)
    DMA1_Channel7_IRQHandler                 0x080002e7   Thumb Code     0  startup_stm32f103xb.o(.text)
    EXTI0_IRQHandler                         0x080002e7   Thumb Code     0  startup_stm32f103xb.o(.text)
    EXTI15_10_IRQHandler                     0x080002e7   Thumb Code     0  startup_stm32f103xb.o(.text)
    EXTI1_IRQHandler                         0x080002e7   Thumb Code     0  startup_stm32f103xb.o(.text)
    EXTI2_IRQHandler                         0x080002e7   Thumb Code     0  startup_stm32f103xb.o(.text)
    EXTI3_IRQHandler                         0x080002e7   Thumb Code     0  startup_stm32f103xb.o(.text)
    EXTI4_IRQHandler                         0x080002e7   Thumb Code     0  startup_stm32f103xb.o(.text)
    EXTI9_5_IRQHandler                       0x080002e7   Thumb Code     0  startup_stm32f103xb.o(.text)
    FLASH_IRQHandler                         0x080002e7   Thumb Code     0  startup_stm32f103xb.o(.text)
    I2C1_ER_IRQHandler                       0x080002e7   Thumb Code     0  startup_stm32f103xb.o(.text)
    I2C1_EV_IRQHandler                       0x080002e7   Thumb Code     0  startup_stm32f103xb.o(.text)
    I2C2_ER_IRQHandler                       0x080002e7   Thumb Code     0  startup_stm32f103xb.o(.text)
    I2C2_EV_IRQHandler                       0x080002e7   Thumb Code     0  startup_stm32f103xb.o(.text)
    PVD_IRQHandler                           0x080002e7   Thumb Code     0  startup_stm32f103xb.o(.text)
    RCC_IRQHandler                           0x080002e7   Thumb Code     0  startup_stm32f103xb.o(.text)
    RTC_Alarm_IRQHandler                     0x080002e7   Thumb Code     0  startup_stm32f103xb.o(.text)
    RTC_IRQHandler                           0x080002e7   Thumb Code     0  startup_stm32f103xb.o(.text)
    SPI1_IRQHandler                          0x080002e7   Thumb Code     0  startup_stm32f103xb.o(.text)
    SPI2_IRQHandler                          0x080002e7   Thumb Code     0  startup_stm32f103xb.o(.text)
    TAMPER_IRQHandler                        0x080002e7   Thumb Code     0  startup_stm32f103xb.o(.text)
    TIM1_BRK_IRQHandler                      0x080002e7   Thumb Code     0  startup_stm32f103xb.o(.text)
    TIM1_CC_IRQHandler                       0x080002e7   Thumb Code     0  startup_stm32f103xb.o(.text)
    TIM1_TRG_COM_IRQHandler                  0x080002e7   Thumb Code     0  startup_stm32f103xb.o(.text)
    TIM1_UP_IRQHandler                       0x080002e7   Thumb Code     0  startup_stm32f103xb.o(.text)
    TIM2_IRQHandler                          0x080002e7   Thumb Code     0  startup_stm32f103xb.o(.text)
    TIM3_IRQHandler                          0x080002e7   Thumb Code     0  startup_stm32f103xb.o(.text)
    TIM4_IRQHandler                          0x080002e7   Thumb Code     0  startup_stm32f103xb.o(.text)
    USART1_IRQHandler                        0x080002e7   Thumb Code     0  startup_stm32f103xb.o(.text)
    USART3_IRQHandler                        0x080002e7   Thumb Code     0  startup_stm32f103xb.o(.text)
    USBWakeUp_IRQHandler                     0x080002e7   Thumb Code     0  startup_stm32f103xb.o(.text)
    USB_HP_CAN1_TX_IRQHandler                0x080002e7   Thumb Code     0  startup_stm32f103xb.o(.text)
    USB_LP_CAN1_RX0_IRQHandler               0x080002e7   Thumb Code     0  startup_stm32f103xb.o(.text)
    WWDG_IRQHandler                          0x080002e7   Thumb Code     0  startup_stm32f103xb.o(.text)
    __user_initial_stackheap                 0x080002e9   Thumb Code     0  startup_stm32f103xb.o(.text)
    vsprintf                                 0x0800030d   Thumb Code    32  vsprintf.o(.text)
    strlen                                   0x08000331   Thumb Code    62  strlen.o(.text)
    __aeabi_memcpy                           0x0800036f   Thumb Code     0  rt_memcpy_v6.o(.text)
    __rt_memcpy                              0x0800036f   Thumb Code   138  rt_memcpy_v6.o(.text)
    _memcpy_lastbytes                        0x080003d5   Thumb Code     0  rt_memcpy_v6.o(.text)
    __aeabi_memcpy4                          0x080003f9   Thumb Code     0  rt_memcpy_w.o(.text)
    __aeabi_memcpy8                          0x080003f9   Thumb Code     0  rt_memcpy_w.o(.text)
    __rt_memcpy_w                            0x080003f9   Thumb Code   100  rt_memcpy_w.o(.text)
    _memcpy_lastbytes_aligned                0x08000441   Thumb Code     0  rt_memcpy_w.o(.text)
    __aeabi_memclr4                          0x0800045d   Thumb Code     0  rt_memclr_w.o(.text)
    __aeabi_memclr8                          0x0800045d   Thumb Code     0  rt_memclr_w.o(.text)
    __rt_memclr_w                            0x0800045d   Thumb Code    78  rt_memclr_w.o(.text)
    _memset_w                                0x08000461   Thumb Code     0  rt_memclr_w.o(.text)
    __use_two_region_memory                  0x080004ab   Thumb Code     2  heapauxi.o(.text)
    __rt_heap_escrow$2region                 0x080004ad   Thumb Code     2  heapauxi.o(.text)
    __rt_heap_expand$2region                 0x080004af   Thumb Code     2  heapauxi.o(.text)
    _printf_pre_padding                      0x080004b1   Thumb Code    44  _printf_pad.o(.text)
    _printf_post_padding                     0x080004dd   Thumb Code    34  _printf_pad.o(.text)
    _printf_truncate_signed                  0x080004ff   Thumb Code    18  _printf_truncate.o(.text)
    _printf_truncate_unsigned                0x08000511   Thumb Code    18  _printf_truncate.o(.text)
    _printf_str                              0x08000523   Thumb Code    82  _printf_str.o(.text)
    _printf_int_dec                          0x08000575   Thumb Code   104  _printf_dec.o(.text)
    _printf_charcount                        0x080005ed   Thumb Code    40  _printf_charcount.o(.text)
    _printf_char_common                      0x0800061f   Thumb Code    32  _printf_char_common.o(.text)
    _sputc                                   0x08000645   Thumb Code    10  _sputc.o(.text)
    _printf_wctomb                           0x08000651   Thumb Code   182  _printf_wctomb.o(.text)
    _printf_longlong_dec                     0x0800070d   Thumb Code   108  _printf_longlong_dec.o(.text)
    _printf_longlong_oct                     0x08000789   Thumb Code    66  _printf_oct_int_ll.o(.text)
    _printf_int_oct                          0x080007cb   Thumb Code    24  _printf_oct_int_ll.o(.text)
    _printf_ll_oct                           0x080007e3   Thumb Code    12  _printf_oct_int_ll.o(.text)
    _printf_longlong_hex                     0x080007f9   Thumb Code    86  _printf_hex_int_ll_ptr.o(.text)
    _printf_int_hex                          0x0800084f   Thumb Code    28  _printf_hex_int_ll_ptr.o(.text)
    _printf_ll_hex                           0x0800086b   Thumb Code    12  _printf_hex_int_ll_ptr.o(.text)
    _printf_hex_ptr                          0x08000877   Thumb Code    18  _printf_hex_int_ll_ptr.o(.text)
    __printf                                 0x0800088d   Thumb Code   388  __printf_flags_ss_wp.o(.text)
    _ll_udiv10                               0x08000a15   Thumb Code   138  lludiv10.o(.text)
    _printf_int_common                       0x08000a9f   Thumb Code   178  _printf_intcommon.o(.text)
    __lib_sel_fp_printf                      0x08000b51   Thumb Code     2  _printf_fp_dec.o(.text)
    _printf_fp_dec_real                      0x08000d03   Thumb Code   620  _printf_fp_dec.o(.text)
    _printf_fp_hex_real                      0x08000f71   Thumb Code   756  _printf_fp_hex.o(.text)
    _printf_cs_common                        0x0800126d   Thumb Code    20  _printf_char.o(.text)
    _printf_char                             0x08001281   Thumb Code    16  _printf_char.o(.text)
    _printf_string                           0x08001291   Thumb Code     8  _printf_char.o(.text)
    _printf_lcs_common                       0x08001299   Thumb Code    20  _printf_wchar.o(.text)
    _printf_wchar                            0x080012ad   Thumb Code    16  _printf_wchar.o(.text)
    _printf_wstring                          0x080012bd   Thumb Code     8  _printf_wchar.o(.text)
    _wcrtomb                                 0x080012c5   Thumb Code    64  _wcrtomb.o(.text)
    __user_setup_stackheap                   0x08001305   Thumb Code    74  sys_stackheap_outer.o(.text)
    __rt_ctype_table                         0x08001351   Thumb Code    16  rt_ctype_table.o(.text)
    __rt_locale                              0x08001361   Thumb Code     8  rt_locale_intlibspace.o(.text)
    _printf_fp_infnan                        0x08001369   Thumb Code   112  _printf_fp_infnan.o(.text)
    _btod_etento                             0x080013e9   Thumb Code   224  bigflt0.o(.text)
    exit                                     0x080014cd   Thumb Code    18  exit.o(.text)
    __user_libspace                          0x080014e1   Thumb Code     8  libspace.o(.text)
    __user_perproc_libspace                  0x080014e1   Thumb Code     0  libspace.o(.text)
    __user_perthread_libspace                0x080014e1   Thumb Code     0  libspace.o(.text)
    strcmp                                   0x080014e9   Thumb Code   128  strcmpv7m.o(.text)
    _sys_exit                                0x08001569   Thumb Code     8  sys_exit.o(.text)
    __I$use$semihosting                      0x08001575   Thumb Code     0  use_no_semi.o(.text)
    __use_no_semihosting_swi                 0x08001575   Thumb Code     2  use_no_semi.o(.text)
    __semihosting_library_function           0x08001577   Thumb Code     0  indicate_semi.o(.text)
    _btod_d2e                                0x08001577   Thumb Code    62  btod.o(CL$$btod_d2e)
    _d2e_denorm_low                          0x080015b5   Thumb Code    70  btod.o(CL$$btod_d2e_denorm_low)
    _d2e_norm_op1                            0x080015fb   Thumb Code    96  btod.o(CL$$btod_d2e_norm_op1)
    __btod_div_common                        0x0800165b   Thumb Code   696  btod.o(CL$$btod_div_common)
    _e2e                                     0x08001993   Thumb Code   220  btod.o(CL$$btod_e2e)
    _btod_ediv                               0x08001a6f   Thumb Code    42  btod.o(CL$$btod_ediv)
    _btod_emul                               0x08001a99   Thumb Code    42  btod.o(CL$$btod_emul)
    __btod_mult_common                       0x08001ac3   Thumb Code   580  btod.o(CL$$btod_mult_common)
    ADC1_2_IRQHandler                        0x08001d09   Thumb Code     6  stm32f1xx_it.o(i.ADC1_2_IRQHandler)
    ADC_ConversionStop_Disable               0x08001d15   Thumb Code    86  stm32f1xx_hal_adc.o(i.ADC_ConversionStop_Disable)
    ADC_Enable                               0x08001d6d   Thumb Code   114  stm32f1xx_hal_adc.o(i.ADC_Enable)
    BusFault_Handler                         0x08001de9   Thumb Code     2  stm32f1xx_it.o(i.BusFault_Handler)
    DebugMon_Handler                         0x08001deb   Thumb Code     2  stm32f1xx_it.o(i.DebugMon_Handler)
    HAL_ADCEx_InjectedConvCpltCallback       0x08001ded   Thumb Code     2  stm32f1xx_hal_adc_ex.o(i.HAL_ADCEx_InjectedConvCpltCallback)
    HAL_ADC_ConfigChannel                    0x08001df1   Thumb Code   240  stm32f1xx_hal_adc.o(i.HAL_ADC_ConfigChannel)
    HAL_ADC_ConvCpltCallback                 0x08001eed   Thumb Code     2  stm32f1xx_hal_adc.o(i.HAL_ADC_ConvCpltCallback)
    HAL_ADC_GetValue                         0x08001eef   Thumb Code     6  stm32f1xx_hal_adc.o(i.HAL_ADC_GetValue)
    HAL_ADC_IRQHandler                       0x08001ef5   Thumb Code   220  stm32f1xx_hal_adc.o(i.HAL_ADC_IRQHandler)
    HAL_ADC_Init                             0x08001fd1   Thumb Code   272  stm32f1xx_hal_adc.o(i.HAL_ADC_Init)
    HAL_ADC_LevelOutOfWindowCallback         0x080020ed   Thumb Code     2  stm32f1xx_hal_adc.o(i.HAL_ADC_LevelOutOfWindowCallback)
    HAL_ADC_MspInit                          0x080020f1   Thumb Code    92  stm32f1xx_hal_msp.o(i.HAL_ADC_MspInit)
    HAL_ADC_Start                            0x08002159   Thumb Code   184  stm32f1xx_hal_adc.o(i.HAL_ADC_Start)
    HAL_ADC_Stop                             0x08002219   Thumb Code    52  stm32f1xx_hal_adc.o(i.HAL_ADC_Stop)
    HAL_DMA_Abort                            0x0800224d   Thumb Code    70  stm32f1xx_hal_dma.o(i.HAL_DMA_Abort)
    HAL_DMA_Abort_IT                         0x08002295   Thumb Code   148  stm32f1xx_hal_dma.o(i.HAL_DMA_Abort_IT)
    HAL_GPIO_Init                            0x0800232d   Thumb Code   446  stm32f1xx_hal_gpio.o(i.HAL_GPIO_Init)
    HAL_GetTick                              0x0800250d   Thumb Code     6  stm32f1xx_hal.o(i.HAL_GetTick)
    HAL_IncTick                              0x08002519   Thumb Code    12  stm32f1xx_hal.o(i.HAL_IncTick)
    HAL_Init                                 0x08002529   Thumb Code    32  stm32f1xx_hal.o(i.HAL_Init)
    HAL_InitTick                             0x0800254d   Thumb Code    54  stm32f1xx_hal.o(i.HAL_InitTick)
    HAL_MspInit                              0x0800258d   Thumb Code    62  stm32f1xx_hal_msp.o(i.HAL_MspInit)
    HAL_NVIC_EnableIRQ                       0x080025d5   Thumb Code    26  stm32f1xx_hal_cortex.o(i.HAL_NVIC_EnableIRQ)
    HAL_NVIC_SetPriority                     0x080025f1   Thumb Code    60  stm32f1xx_hal_cortex.o(i.HAL_NVIC_SetPriority)
    HAL_NVIC_SetPriorityGrouping             0x08002631   Thumb Code    26  stm32f1xx_hal_cortex.o(i.HAL_NVIC_SetPriorityGrouping)
    HAL_RCCEx_PeriphCLKConfig                0x08002655   Thumb Code   224  stm32f1xx_hal_rcc_ex.o(i.HAL_RCCEx_PeriphCLKConfig)
    HAL_RCC_ClockConfig                      0x08002741   Thumb Code   280  stm32f1xx_hal_rcc.o(i.HAL_RCC_ClockConfig)
    HAL_RCC_GetPCLK1Freq                     0x0800286d   Thumb Code    20  stm32f1xx_hal_rcc.o(i.HAL_RCC_GetPCLK1Freq)
    HAL_RCC_GetPCLK2Freq                     0x0800288d   Thumb Code    20  stm32f1xx_hal_rcc.o(i.HAL_RCC_GetPCLK2Freq)
    HAL_RCC_GetSysClockFreq                  0x080028ad   Thumb Code    58  stm32f1xx_hal_rcc.o(i.HAL_RCC_GetSysClockFreq)
    HAL_RCC_OscConfig                        0x080028f9   Thumb Code   778  stm32f1xx_hal_rcc.o(i.HAL_RCC_OscConfig)
    HAL_SYSTICK_Config                       0x08002c19   Thumb Code    40  stm32f1xx_hal_cortex.o(i.HAL_SYSTICK_Config)
    HAL_UARTEx_RxEventCallback               0x08002c41   Thumb Code     2  stm32f1xx_hal_uart.o(i.HAL_UARTEx_RxEventCallback)
    HAL_UART_ErrorCallback                   0x08002c43   Thumb Code     2  stm32f1xx_hal_uart.o(i.HAL_UART_ErrorCallback)
    HAL_UART_IRQHandler                      0x08002c45   Thumb Code   616  stm32f1xx_hal_uart.o(i.HAL_UART_IRQHandler)
    HAL_UART_Init                            0x08002eb1   Thumb Code   100  stm32f1xx_hal_uart.o(i.HAL_UART_Init)
    HAL_UART_MspInit                         0x08002f15   Thumb Code   114  stm32f1xx_hal_msp.o(i.HAL_UART_MspInit)
    HAL_UART_RxCpltCallback                  0x08002f95   Thumb Code     2  stm32f1xx_hal_uart.o(i.HAL_UART_RxCpltCallback)
    HAL_UART_Transmit                        0x08002f97   Thumb Code   154  stm32f1xx_hal_uart.o(i.HAL_UART_Transmit)
    HAL_UART_TxCpltCallback                  0x08003031   Thumb Code     2  stm32f1xx_hal_uart.o(i.HAL_UART_TxCpltCallback)
    HardFault_Handler                        0x08003033   Thumb Code     2  stm32f1xx_it.o(i.HardFault_Handler)
    MemManage_Handler                        0x08003081   Thumb Code     2  stm32f1xx_it.o(i.MemManage_Handler)
    NMI_Handler                              0x08003083   Thumb Code     2  stm32f1xx_it.o(i.NMI_Handler)
    SysTick_Handler                          0x08003085   Thumb Code    24  stm32f1xx_it.o(i.SysTick_Handler)
    SystemClock_Config                       0x0800309d   Thumb Code   104  main.o(i.SystemClock_Config)
    SystemInit                               0x08003105   Thumb Code     2  system_stm32f1xx.o(i.SystemInit)
    Task_read                                0x08003109   Thumb Code    48  main.o(i.Task_read)
    Task_show                                0x08003141   Thumb Code    38  main.o(i.Task_show)
    USART2_IRQHandler                        0x080033d1   Thumb Code     6  stm32f1xx_it.o(i.USART2_IRQHandler)
    UsageFault_Handler                       0x080033dd   Thumb Code     2  stm32f1xx_it.o(i.UsageFault_Handler)
    __ARM_fpclassify                         0x080033df   Thumb Code    40  fpclassify.o(i.__ARM_fpclassify)
    _is_digit                                0x08003427   Thumb Code    14  __printf_wp.o(i._is_digit)
    main                                     0x08003441   Thumb Code   178  main.o(i.main)
    osDelay                                  0x08003515   Thumb Code    14  cmsis_os.o(i.osDelay)
    osKernelStart                            0x08003523   Thumb Code    10  cmsis_os.o(i.osKernelStart)
    osMessageCreate                          0x0800352d   Thumb Code    38  cmsis_os.o(i.osMessageCreate)
    osMessageGet                             0x08003555   Thumb Code   144  cmsis_os.o(i.osMessageGet)
    osMessagePut                             0x080035e9   Thumb Code    86  cmsis_os.o(i.osMessagePut)
    osMutexCreate                            0x08003645   Thumb Code    16  cmsis_os.o(i.osMutexCreate)
    osThreadCreate                           0x08003655   Thumb Code    84  cmsis_os.o(i.osThreadCreate)
    pvPortMalloc                             0x08003b35   Thumb Code   210  heap_4.o(i.pvPortMalloc)
    pxPortInitialiseStack                    0x08003c0d   Thumb Code    32  port.o(i.pxPortInitialiseStack)
    response_init2                           0x08003c31   Thumb Code     6  response_ci.o(i.response_init2)
    response_print2                          0x08003c3d   Thumb Code    42  response_ci.o(i.response_print2)
    uxListRemove                             0x08003c6d   Thumb Code    38  list.o(i.uxListRemove)
    vApplicationGetIdleTaskMemory            0x08003c95   Thumb Code    16  freertos.o(i.vApplicationGetIdleTaskMemory)
    vListInitialise                          0x08003ca9   Thumb Code    22  list.o(i.vListInitialise)
    vListInitialiseItem                      0x08003cbf   Thumb Code     6  list.o(i.vListInitialiseItem)
    vListInsert                              0x08003cc5   Thumb Code    48  list.o(i.vListInsert)
    vListInsertEnd                           0x08003cf5   Thumb Code    24  list.o(i.vListInsertEnd)
    vPortEnterCritical                       0x08003d0d   Thumb Code    54  port.o(i.vPortEnterCritical)
    vPortExitCritical                        0x08003d4d   Thumb Code    34  port.o(i.vPortExitCritical)
    vPortFree                                0x08003d75   Thumb Code    88  heap_4.o(i.vPortFree)
    vPortSetupTimerInterrupt                 0x08003dd1   Thumb Code    32  port.o(i.vPortSetupTimerInterrupt)
    vPortValidateInterruptPriority           0x08003df5   Thumb Code    74  port.o(i.vPortValidateInterruptPriority)
    vTaskDelay                               0x08003e49   Thumb Code    66  tasks.o(i.vTaskDelay)
    vTaskInternalSetTimeOutState             0x08003e95   Thumb Code    12  tasks.o(i.vTaskInternalSetTimeOutState)
    vTaskMissedYield                         0x08003ea5   Thumb Code     8  tasks.o(i.vTaskMissedYield)
    vTaskPlaceOnEventList                    0x08003eb1   Thumb Code    44  tasks.o(i.vTaskPlaceOnEventList)
    vTaskStartScheduler                      0x08003ee1   Thumb Code    90  tasks.o(i.vTaskStartScheduler)
    vTaskSuspendAll                          0x08003f4d   Thumb Code    10  tasks.o(i.vTaskSuspendAll)
    vTaskSwitchContext                       0x08003f5d   Thumb Code    82  tasks.o(i.vTaskSwitchContext)
    xPortStartScheduler                      0x08003fb9   Thumb Code   154  port.o(i.xPortStartScheduler)
    xPortSysTickHandler                      0x08004061   Thumb Code    38  port.o(i.xPortSysTickHandler)
    xQueueCreateMutex                        0x0800408d   Thumb Code    22  queue.o(i.xQueueCreateMutex)
    xQueueCreateMutexStatic                  0x080040a3   Thumb Code    26  queue.o(i.xQueueCreateMutexStatic)
    xQueueGenericCreate                      0x080040bd   Thumb Code    72  queue.o(i.xQueueGenericCreate)
    xQueueGenericCreateStatic                0x08004105   Thumb Code   102  queue.o(i.xQueueGenericCreateStatic)
    xQueueGenericReset                       0x0800416d   Thumb Code   132  queue.o(i.xQueueGenericReset)
    xQueueGenericSend                        0x080041f5   Thumb Code   346  queue.o(i.xQueueGenericSend)
    xQueueGenericSendFromISR                 0x08004355   Thumb Code   188  queue.o(i.xQueueGenericSendFromISR)
    xQueueReceive                            0x08004411   Thumb Code   308  queue.o(i.xQueueReceive)
    xQueueReceiveFromISR                     0x08004549   Thumb Code   154  queue.o(i.xQueueReceiveFromISR)
    xTaskCheckForTimeOut                     0x080045e5   Thumb Code   112  tasks.o(i.xTaskCheckForTimeOut)
    xTaskCreate                              0x08004659   Thumb Code    90  tasks.o(i.xTaskCreate)
    xTaskCreateStatic                        0x080046b3   Thumb Code    86  tasks.o(i.xTaskCreateStatic)
    xTaskGetSchedulerState                   0x08004709   Thumb Code    22  tasks.o(i.xTaskGetSchedulerState)
    xTaskIncrementTick                       0x08004725   Thumb Code   192  tasks.o(i.xTaskIncrementTick)
    xTaskPriorityDisinherit                  0x080047ed   Thumb Code   144  tasks.o(i.xTaskPriorityDisinherit)
    xTaskRemoveFromEventList                 0x08004885   Thumb Code   108  tasks.o(i.xTaskRemoveFromEventList)
    xTaskResumeAll                           0x080048f9   Thumb Code   182  tasks.o(i.xTaskResumeAll)
    _get_lc_numeric                          0x080049bd   Thumb Code    44  lc_numeric_c.o(locale$$code)
    _get_lc_ctype                            0x080049e9   Thumb Code    44  lc_ctype_c.o(locale$$code)
    _printf_fp_dec                           0x08004a15   Thumb Code     4  printf1.o(x$fpl$printf1)
    _printf_fp_hex                           0x08004a19   Thumb Code     4  printf2.o(x$fpl$printf2)
    __I$use$fp                               0x08004a1c   Number         0  usenofp.o(x$fpl$usenofp)
    AHBPrescTable                            0x08004a76   Data          16  system_stm32f1xx.o(.constdata)
    APBPrescTable                            0x08004a86   Data           8  system_stm32f1xx.o(.constdata)
    Region$$Table$$Base                      0x08004b9c   Number         0  anon$$obj.o(Region$$Table)
    Region$$Table$$Limit                     0x08004bbc   Number         0  anon$$obj.o(Region$$Table)
    __ctype                                  0x08004be5   Data           0  lc_ctype_c.o(locale$$data)
    Queue_Handle                             0x20000000   Data           4  main.o(.data)
    myMutex01Handle                          0x20000004   Data           4  main.o(.data)
    Task_show_handle                         0x20000008   Data           4  main.o(.data)
    Task_read_handle                         0x2000000c   Data           4  main.o(.data)
    uwTickFreq                               0x20000010   Data           1  stm32f1xx_hal.o(.data)
    uwTickPrio                               0x20000014   Data           4  stm32f1xx_hal.o(.data)
    uwTick                                   0x20000018   Data           4  stm32f1xx_hal.o(.data)
    SystemCoreClock                          0x2000001c   Data           4  system_stm32f1xx.o(.data)
    pxCurrentTCB                             0x20000020   Data           4  tasks.o(.data)
    hadc1                                    0x20000088   Data          48  main.o(.bss)
    huart2                                   0x200000b8   Data          72  main.o(.bss)
    __libspace_start                         0x20001044   Data          96  libspace.o(.bss)
    __temporary_stack_top$libspace           0x200010a4   Data           0  libspace.o(.bss)



==============================================================================

Memory Map of the image

  Image Entry point : 0x080000ed

  Load Region LR_IROM1 (Base: 0x08000000, Size: 0x00004d70, Max: 0x00010000, ABSOLUTE)

    Execution Region ER_IROM1 (Exec base: 0x08000000, Load base: 0x08000000, Size: 0x00004ce8, Max: 0x00010000, ABSOLUTE)

    Exec Addr    Load Addr    Size         Type   Attr      Idx    E Section Name        Object

    0x08000000   0x08000000   0x000000ec   Data   RO            3    RESET               startup_stm32f103xb.o
    0x080000ec   0x080000ec   0x00000008   Code   RO         3428  * !!!main             c_w.l(__main.o)
    0x080000f4   0x080000f4   0x00000034   Code   RO         3751    !!!scatter          c_w.l(__scatter.o)
    0x08000128   0x08000128   0x0000001a   Code   RO         3753    !!handler_copy      c_w.l(__scatter_copy.o)
    0x08000142   0x08000142   0x00000002   PAD
    0x08000144   0x08000144   0x0000001c   Code   RO         3755    !!handler_zi        c_w.l(__scatter_zi.o)
    0x08000160   0x08000160   0x00000000   Code   RO         3512    .ARM.Collect$$_printf_percent$$00000000  c_w.l(_printf_percent.o)
    0x08000160   0x08000160   0x00000006   Code   RO         3501    .ARM.Collect$$_printf_percent$$00000001  c_w.l(_printf_n.o)
    0x08000166   0x08000166   0x00000006   Code   RO         3503    .ARM.Collect$$_printf_percent$$00000002  c_w.l(_printf_p.o)
    0x0800016c   0x0800016c   0x00000006   Code   RO         3508    .ARM.Collect$$_printf_percent$$00000003  c_w.l(_printf_f.o)
    0x08000172   0x08000172   0x00000006   Code   RO         3509    .ARM.Collect$$_printf_percent$$00000004  c_w.l(_printf_e.o)
    0x08000178   0x08000178   0x00000006   Code   RO         3510    .ARM.Collect$$_printf_percent$$00000005  c_w.l(_printf_g.o)
    0x0800017e   0x0800017e   0x00000006   Code   RO         3511    .ARM.Collect$$_printf_percent$$00000006  c_w.l(_printf_a.o)
    0x08000184   0x08000184   0x0000000a   Code   RO         3516    .ARM.Collect$$_printf_percent$$00000007  c_w.l(_printf_ll.o)
    0x0800018e   0x0800018e   0x00000006   Code   RO         3505    .ARM.Collect$$_printf_percent$$00000008  c_w.l(_printf_i.o)
    0x08000194   0x08000194   0x00000006   Code   RO         3506    .ARM.Collect$$_printf_percent$$00000009  c_w.l(_printf_d.o)
    0x0800019a   0x0800019a   0x00000006   Code   RO         3507    .ARM.Collect$$_printf_percent$$0000000A  c_w.l(_printf_u.o)
    0x080001a0   0x080001a0   0x00000006   Code   RO         3504    .ARM.Collect$$_printf_percent$$0000000B  c_w.l(_printf_o.o)
    0x080001a6   0x080001a6   0x00000006   Code   RO         3502    .ARM.Collect$$_printf_percent$$0000000C  c_w.l(_printf_x.o)
    0x080001ac   0x080001ac   0x00000006   Code   RO         3513    .ARM.Collect$$_printf_percent$$0000000D  c_w.l(_printf_lli.o)
    0x080001b2   0x080001b2   0x00000006   Code   RO         3514    .ARM.Collect$$_printf_percent$$0000000E  c_w.l(_printf_lld.o)
    0x080001b8   0x080001b8   0x00000006   Code   RO         3515    .ARM.Collect$$_printf_percent$$0000000F  c_w.l(_printf_llu.o)
    0x080001be   0x080001be   0x00000006   Code   RO         3520    .ARM.Collect$$_printf_percent$$00000010  c_w.l(_printf_llo.o)
    0x080001c4   0x080001c4   0x00000006   Code   RO         3521    .ARM.Collect$$_printf_percent$$00000011  c_w.l(_printf_llx.o)
    0x080001ca   0x080001ca   0x0000000a   Code   RO         3517    .ARM.Collect$$_printf_percent$$00000012  c_w.l(_printf_l.o)
    0x080001d4   0x080001d4   0x00000006   Code   RO         3499    .ARM.Collect$$_printf_percent$$00000013  c_w.l(_printf_c.o)
    0x080001da   0x080001da   0x00000006   Code   RO         3500    .ARM.Collect$$_printf_percent$$00000014  c_w.l(_printf_s.o)
    0x080001e0   0x080001e0   0x00000006   Code   RO         3518    .ARM.Collect$$_printf_percent$$00000015  c_w.l(_printf_lc.o)
    0x080001e6   0x080001e6   0x00000006   Code   RO         3519    .ARM.Collect$$_printf_percent$$00000016  c_w.l(_printf_ls.o)
    0x080001ec   0x080001ec   0x00000004   Code   RO         3562    .ARM.Collect$$_printf_percent$$00000017  c_w.l(_printf_percent_end.o)
    0x080001f0   0x080001f0   0x00000002   Code   RO         3611    .ARM.Collect$$libinit$$00000000  c_w.l(libinit.o)
    0x080001f2   0x080001f2   0x00000000   Code   RO         3628    .ARM.Collect$$libinit$$00000002  c_w.l(libinit2.o)
    0x080001f2   0x080001f2   0x00000000   Code   RO         3630    .ARM.Collect$$libinit$$00000004  c_w.l(libinit2.o)
    0x080001f2   0x080001f2   0x00000000   Code   RO         3633    .ARM.Collect$$libinit$$0000000A  c_w.l(libinit2.o)
    0x080001f2   0x080001f2   0x00000000   Code   RO         3635    .ARM.Collect$$libinit$$0000000C  c_w.l(libinit2.o)
    0x080001f2   0x080001f2   0x00000000   Code   RO         3637    .ARM.Collect$$libinit$$0000000E  c_w.l(libinit2.o)
    0x080001f2   0x080001f2   0x00000006   Code   RO         3638    .ARM.Collect$$libinit$$0000000F  c_w.l(libinit2.o)
    0x080001f8   0x080001f8   0x00000000   Code   RO         3640    .ARM.Collect$$libinit$$00000011  c_w.l(libinit2.o)
    0x080001f8   0x080001f8   0x0000000c   Code   RO         3641    .ARM.Collect$$libinit$$00000012  c_w.l(libinit2.o)
    0x08000204   0x08000204   0x00000000   Code   RO         3642    .ARM.Collect$$libinit$$00000013  c_w.l(libinit2.o)
    0x08000204   0x08000204   0x00000000   Code   RO         3644    .ARM.Collect$$libinit$$00000015  c_w.l(libinit2.o)
    0x08000204   0x08000204   0x0000000a   Code   RO         3645    .ARM.Collect$$libinit$$00000016  c_w.l(libinit2.o)
    0x0800020e   0x0800020e   0x00000000   Code   RO         3646    .ARM.Collect$$libinit$$00000017  c_w.l(libinit2.o)
    0x0800020e   0x0800020e   0x00000000   Code   RO         3648    .ARM.Collect$$libinit$$00000019  c_w.l(libinit2.o)
    0x0800020e   0x0800020e   0x00000000   Code   RO         3650    .ARM.Collect$$libinit$$0000001B  c_w.l(libinit2.o)
    0x0800020e   0x0800020e   0x00000000   Code   RO         3652    .ARM.Collect$$libinit$$0000001D  c_w.l(libinit2.o)
    0x0800020e   0x0800020e   0x00000000   Code   RO         3654    .ARM.Collect$$libinit$$0000001F  c_w.l(libinit2.o)
    0x0800020e   0x0800020e   0x00000000   Code   RO         3656    .ARM.Collect$$libinit$$00000021  c_w.l(libinit2.o)
    0x0800020e   0x0800020e   0x00000000   Code   RO         3658    .ARM.Collect$$libinit$$00000023  c_w.l(libinit2.o)
    0x0800020e   0x0800020e   0x00000000   Code   RO         3660    .ARM.Collect$$libinit$$00000025  c_w.l(libinit2.o)
    0x0800020e   0x0800020e   0x00000000   Code   RO         3664    .ARM.Collect$$libinit$$0000002C  c_w.l(libinit2.o)
    0x0800020e   0x0800020e   0x00000000   Code   RO         3666    .ARM.Collect$$libinit$$0000002E  c_w.l(libinit2.o)
    0x0800020e   0x0800020e   0x00000000   Code   RO         3668    .ARM.Collect$$libinit$$00000030  c_w.l(libinit2.o)
    0x0800020e   0x0800020e   0x00000000   Code   RO         3670    .ARM.Collect$$libinit$$00000032  c_w.l(libinit2.o)
    0x0800020e   0x0800020e   0x00000002   Code   RO         3671    .ARM.Collect$$libinit$$00000033  c_w.l(libinit2.o)
    0x08000210   0x08000210   0x00000002   Code   RO         3691    .ARM.Collect$$libshutdown$$00000000  c_w.l(libshutdown.o)
    0x08000212   0x08000212   0x00000000   Code   RO         3704    .ARM.Collect$$libshutdown$$00000002  c_w.l(libshutdown2.o)
    0x08000212   0x08000212   0x00000000   Code   RO         3706    .ARM.Collect$$libshutdown$$00000004  c_w.l(libshutdown2.o)
    0x08000212   0x08000212   0x00000000   Code   RO         3709    .ARM.Collect$$libshutdown$$00000007  c_w.l(libshutdown2.o)
    0x08000212   0x08000212   0x00000000   Code   RO         3712    .ARM.Collect$$libshutdown$$0000000A  c_w.l(libshutdown2.o)
    0x08000212   0x08000212   0x00000000   Code   RO         3714    .ARM.Collect$$libshutdown$$0000000C  c_w.l(libshutdown2.o)
    0x08000212   0x08000212   0x00000000   Code   RO         3717    .ARM.Collect$$libshutdown$$0000000F  c_w.l(libshutdown2.o)
    0x08000212   0x08000212   0x00000002   Code   RO         3718    .ARM.Collect$$libshutdown$$00000010  c_w.l(libshutdown2.o)
    0x08000214   0x08000214   0x00000000   Code   RO         3430    .ARM.Collect$$rtentry$$00000000  c_w.l(__rtentry.o)
    0x08000214   0x08000214   0x00000000   Code   RO         3533    .ARM.Collect$$rtentry$$00000002  c_w.l(__rtentry2.o)
    0x08000214   0x08000214   0x00000006   Code   RO         3545    .ARM.Collect$$rtentry$$00000004  c_w.l(__rtentry4.o)
    0x0800021a   0x0800021a   0x00000000   Code   RO         3535    .ARM.Collect$$rtentry$$00000009  c_w.l(__rtentry2.o)
    0x0800021a   0x0800021a   0x00000004   Code   RO         3536    .ARM.Collect$$rtentry$$0000000A  c_w.l(__rtentry2.o)
    0x0800021e   0x0800021e   0x00000000   Code   RO         3538    .ARM.Collect$$rtentry$$0000000C  c_w.l(__rtentry2.o)
    0x0800021e   0x0800021e   0x00000008   Code   RO         3539    .ARM.Collect$$rtentry$$0000000D  c_w.l(__rtentry2.o)
    0x08000226   0x08000226   0x00000002   Code   RO         3620    .ARM.Collect$$rtexit$$00000000  c_w.l(rtexit.o)
    0x08000228   0x08000228   0x00000000   Code   RO         3673    .ARM.Collect$$rtexit$$00000002  c_w.l(rtexit2.o)
    0x08000228   0x08000228   0x00000004   Code   RO         3674    .ARM.Collect$$rtexit$$00000003  c_w.l(rtexit2.o)
    0x0800022c   0x0800022c   0x00000006   Code   RO         3675    .ARM.Collect$$rtexit$$00000004  c_w.l(rtexit2.o)
    0x08000232   0x08000232   0x00000002   PAD
    0x08000234   0x08000234   0x00000096   Code   RO         3279    .emb_text           port.o
    0x080002ca   0x080002ca   0x00000002   PAD
    0x080002cc   0x080002cc   0x00000040   Code   RO            4    .text               startup_stm32f103xb.o
    0x0800030c   0x0800030c   0x00000024   Code   RO         3414    .text               c_w.l(vsprintf.o)
    0x08000330   0x08000330   0x0000003e   Code   RO         3416    .text               c_w.l(strlen.o)
    0x0800036e   0x0800036e   0x0000008a   Code   RO         3418    .text               c_w.l(rt_memcpy_v6.o)
    0x080003f8   0x080003f8   0x00000064   Code   RO         3420    .text               c_w.l(rt_memcpy_w.o)
    0x0800045c   0x0800045c   0x0000004e   Code   RO         3424    .text               c_w.l(rt_memclr_w.o)
    0x080004aa   0x080004aa   0x00000006   Code   RO         3426    .text               c_w.l(heapauxi.o)
    0x080004b0   0x080004b0   0x0000004e   Code   RO         3433    .text               c_w.l(_printf_pad.o)
    0x080004fe   0x080004fe   0x00000024   Code   RO         3435    .text               c_w.l(_printf_truncate.o)
    0x08000522   0x08000522   0x00000052   Code   RO         3437    .text               c_w.l(_printf_str.o)
    0x08000574   0x08000574   0x00000078   Code   RO         3439    .text               c_w.l(_printf_dec.o)
    0x080005ec   0x080005ec   0x00000028   Code   RO         3441    .text               c_w.l(_printf_charcount.o)
    0x08000614   0x08000614   0x00000030   Code   RO         3443    .text               c_w.l(_printf_char_common.o)
    0x08000644   0x08000644   0x0000000a   Code   RO         3445    .text               c_w.l(_sputc.o)
    0x0800064e   0x0800064e   0x00000002   PAD
    0x08000650   0x08000650   0x000000bc   Code   RO         3447    .text               c_w.l(_printf_wctomb.o)
    0x0800070c   0x0800070c   0x0000007c   Code   RO         3450    .text               c_w.l(_printf_longlong_dec.o)
    0x08000788   0x08000788   0x00000070   Code   RO         3456    .text               c_w.l(_printf_oct_int_ll.o)
    0x080007f8   0x080007f8   0x00000094   Code   RO         3476    .text               c_w.l(_printf_hex_int_ll_ptr.o)
    0x0800088c   0x0800088c   0x00000188   Code   RO         3496    .text               c_w.l(__printf_flags_ss_wp.o)
    0x08000a14   0x08000a14   0x0000008a   Code   RO         3547    .text               c_w.l(lludiv10.o)
    0x08000a9e   0x08000a9e   0x000000b2   Code   RO         3549    .text               c_w.l(_printf_intcommon.o)
    0x08000b50   0x08000b50   0x0000041e   Code   RO         3551    .text               c_w.l(_printf_fp_dec.o)
    0x08000f6e   0x08000f6e   0x00000002   PAD
    0x08000f70   0x08000f70   0x000002fc   Code   RO         3553    .text               c_w.l(_printf_fp_hex.o)
    0x0800126c   0x0800126c   0x0000002c   Code   RO         3558    .text               c_w.l(_printf_char.o)
    0x08001298   0x08001298   0x0000002c   Code   RO         3560    .text               c_w.l(_printf_wchar.o)
    0x080012c4   0x080012c4   0x00000040   Code   RO         3563    .text               c_w.l(_wcrtomb.o)
    0x08001304   0x08001304   0x0000004a   Code   RO         3565    .text               c_w.l(sys_stackheap_outer.o)
    0x0800134e   0x0800134e   0x00000002   PAD
    0x08001350   0x08001350   0x00000010   Code   RO         3567    .text               c_w.l(rt_ctype_table.o)
    0x08001360   0x08001360   0x00000008   Code   RO         3572    .text               c_w.l(rt_locale_intlibspace.o)
    0x08001368   0x08001368   0x00000080   Code   RO         3574    .text               c_w.l(_printf_fp_infnan.o)
    0x080013e8   0x080013e8   0x000000e4   Code   RO         3576    .text               c_w.l(bigflt0.o)
    0x080014cc   0x080014cc   0x00000012   Code   RO         3604    .text               c_w.l(exit.o)
    0x080014de   0x080014de   0x00000002   PAD
    0x080014e0   0x080014e0   0x00000008   Code   RO         3617    .text               c_w.l(libspace.o)
    0x080014e8   0x080014e8   0x00000080   Code   RO         3625    .text               c_w.l(strcmpv7m.o)
    0x08001568   0x08001568   0x0000000c   Code   RO         3683    .text               c_w.l(sys_exit.o)
    0x08001574   0x08001574   0x00000002   Code   RO         3694    .text               c_w.l(use_no_semi.o)
    0x08001576   0x08001576   0x00000000   Code   RO         3696    .text               c_w.l(indicate_semi.o)
    0x08001576   0x08001576   0x0000003e   Code   RO         3579    CL$$btod_d2e        c_w.l(btod.o)
    0x080015b4   0x080015b4   0x00000046   Code   RO         3581    CL$$btod_d2e_denorm_low  c_w.l(btod.o)
    0x080015fa   0x080015fa   0x00000060   Code   RO         3580    CL$$btod_d2e_norm_op1  c_w.l(btod.o)
    0x0800165a   0x0800165a   0x00000338   Code   RO         3589    CL$$btod_div_common  c_w.l(btod.o)
    0x08001992   0x08001992   0x000000dc   Code   RO         3586    CL$$btod_e2e        c_w.l(btod.o)
    0x08001a6e   0x08001a6e   0x0000002a   Code   RO         3583    CL$$btod_ediv       c_w.l(btod.o)
    0x08001a98   0x08001a98   0x0000002a   Code   RO         3582    CL$$btod_emul       c_w.l(btod.o)
    0x08001ac2   0x08001ac2   0x00000244   Code   RO         3588    CL$$btod_mult_common  c_w.l(btod.o)
    0x08001d06   0x08001d06   0x00000002   PAD
    0x08001d08   0x08001d08   0x0000000c   Code   RO          242    i.ADC1_2_IRQHandler  stm32f1xx_it.o
    0x08001d14   0x08001d14   0x00000056   Code   RO          402    i.ADC_ConversionStop_Disable  stm32f1xx_hal_adc.o
    0x08001d6a   0x08001d6a   0x00000002   PAD
    0x08001d6c   0x08001d6c   0x0000007c   Code   RO          406    i.ADC_Enable        stm32f1xx_hal_adc.o
    0x08001de8   0x08001de8   0x00000002   Code   RO          243    i.BusFault_Handler  stm32f1xx_it.o
    0x08001dea   0x08001dea   0x00000002   Code   RO          244    i.DebugMon_Handler  stm32f1xx_it.o
    0x08001dec   0x08001dec   0x00000002   Code   RO          584    i.HAL_ADCEx_InjectedConvCpltCallback  stm32f1xx_hal_adc_ex.o
    0x08001dee   0x08001dee   0x00000002   PAD
    0x08001df0   0x08001df0   0x000000fc   Code   RO          408    i.HAL_ADC_ConfigChannel  stm32f1xx_hal_adc.o
    0x08001eec   0x08001eec   0x00000002   Code   RO          409    i.HAL_ADC_ConvCpltCallback  stm32f1xx_hal_adc.o
    0x08001eee   0x08001eee   0x00000006   Code   RO          415    i.HAL_ADC_GetValue  stm32f1xx_hal_adc.o
    0x08001ef4   0x08001ef4   0x000000dc   Code   RO          416    i.HAL_ADC_IRQHandler  stm32f1xx_hal_adc.o
    0x08001fd0   0x08001fd0   0x0000011c   Code   RO          417    i.HAL_ADC_Init      stm32f1xx_hal_adc.o
    0x080020ec   0x080020ec   0x00000002   Code   RO          418    i.HAL_ADC_LevelOutOfWindowCallback  stm32f1xx_hal_adc.o
    0x080020ee   0x080020ee   0x00000002   PAD
    0x080020f0   0x080020f0   0x00000068   Code   RO          319    i.HAL_ADC_MspInit   stm32f1xx_hal_msp.o
    0x08002158   0x08002158   0x000000c0   Code   RO          423    i.HAL_ADC_Start     stm32f1xx_hal_adc.o
    0x08002218   0x08002218   0x00000034   Code   RO          426    i.HAL_ADC_Stop      stm32f1xx_hal_adc.o
    0x0800224c   0x0800224c   0x00000046   Code   RO         1059    i.HAL_DMA_Abort     stm32f1xx_hal_dma.o
    0x08002292   0x08002292   0x00000002   PAD
    0x08002294   0x08002294   0x00000098   Code   RO         1060    i.HAL_DMA_Abort_IT  stm32f1xx_hal_dma.o
    0x0800232c   0x0800232c   0x000001e0   Code   RO          995    i.HAL_GPIO_Init     stm32f1xx_hal_gpio.o
    0x0800250c   0x0800250c   0x0000000c   Code   RO          689    i.HAL_GetTick       stm32f1xx_hal.o
    0x08002518   0x08002518   0x00000010   Code   RO          695    i.HAL_IncTick       stm32f1xx_hal.o
    0x08002528   0x08002528   0x00000024   Code   RO          696    i.HAL_Init          stm32f1xx_hal.o
    0x0800254c   0x0800254c   0x00000040   Code   RO          697    i.HAL_InitTick      stm32f1xx_hal.o
    0x0800258c   0x0800258c   0x00000048   Code   RO          320    i.HAL_MspInit       stm32f1xx_hal_msp.o
    0x080025d4   0x080025d4   0x0000001a   Code   RO         1155    i.HAL_NVIC_EnableIRQ  stm32f1xx_hal_cortex.o
    0x080025ee   0x080025ee   0x00000002   PAD
    0x080025f0   0x080025f0   0x00000040   Code   RO         1161    i.HAL_NVIC_SetPriority  stm32f1xx_hal_cortex.o
    0x08002630   0x08002630   0x00000024   Code   RO         1162    i.HAL_NVIC_SetPriorityGrouping  stm32f1xx_hal_cortex.o
    0x08002654   0x08002654   0x000000ec   Code   RO          957    i.HAL_RCCEx_PeriphCLKConfig  stm32f1xx_hal_rcc_ex.o
    0x08002740   0x08002740   0x0000012c   Code   RO          853    i.HAL_RCC_ClockConfig  stm32f1xx_hal_rcc.o
    0x0800286c   0x0800286c   0x00000020   Code   RO          860    i.HAL_RCC_GetPCLK1Freq  stm32f1xx_hal_rcc.o
    0x0800288c   0x0800288c   0x00000020   Code   RO          861    i.HAL_RCC_GetPCLK2Freq  stm32f1xx_hal_rcc.o
    0x080028ac   0x080028ac   0x0000004c   Code   RO          862    i.HAL_RCC_GetSysClockFreq  stm32f1xx_hal_rcc.o
    0x080028f8   0x080028f8   0x00000320   Code   RO          865    i.HAL_RCC_OscConfig  stm32f1xx_hal_rcc.o
    0x08002c18   0x08002c18   0x00000028   Code   RO         1166    i.HAL_SYSTICK_Config  stm32f1xx_hal_cortex.o
    0x08002c40   0x08002c40   0x00000002   Code   RO         1703    i.HAL_UARTEx_RxEventCallback  stm32f1xx_hal_uart.o
    0x08002c42   0x08002c42   0x00000002   Code   RO         1717    i.HAL_UART_ErrorCallback  stm32f1xx_hal_uart.o
    0x08002c44   0x08002c44   0x0000026c   Code   RO         1720    i.HAL_UART_IRQHandler  stm32f1xx_hal_uart.o
    0x08002eb0   0x08002eb0   0x00000064   Code   RO         1721    i.HAL_UART_Init     stm32f1xx_hal_uart.o
    0x08002f14   0x08002f14   0x00000080   Code   RO          322    i.HAL_UART_MspInit  stm32f1xx_hal_msp.o
    0x08002f94   0x08002f94   0x00000002   Code   RO         1727    i.HAL_UART_RxCpltCallback  stm32f1xx_hal_uart.o
    0x08002f96   0x08002f96   0x0000009a   Code   RO         1729    i.HAL_UART_Transmit  stm32f1xx_hal_uart.o
    0x08003030   0x08003030   0x00000002   Code   RO         1732    i.HAL_UART_TxCpltCallback  stm32f1xx_hal_uart.o
    0x08003032   0x08003032   0x00000002   Code   RO          245    i.HardFault_Handler  stm32f1xx_it.o
    0x08003034   0x08003034   0x0000004c   Code   RO           14    i.MX_ADC1_Init      main.o
    0x08003080   0x08003080   0x00000002   Code   RO          246    i.MemManage_Handler  stm32f1xx_it.o
    0x08003082   0x08003082   0x00000002   Code   RO          247    i.NMI_Handler       stm32f1xx_it.o
    0x08003084   0x08003084   0x00000018   Code   RO          248    i.SysTick_Handler   stm32f1xx_it.o
    0x0800309c   0x0800309c   0x00000068   Code   RO           15    i.SystemClock_Config  main.o
    0x08003104   0x08003104   0x00000002   Code   RO         2055    i.SystemInit        system_stm32f1xx.o
    0x08003106   0x08003106   0x00000002   PAD
    0x08003108   0x08003108   0x00000038   Code   RO           16    i.Task_read         main.o
    0x08003140   0x08003140   0x00000040   Code   RO           17    i.Task_show         main.o
    0x08003180   0x08003180   0x00000010   Code   RO         1734    i.UART_DMAAbortOnError  stm32f1xx_hal_uart.o
    0x08003190   0x08003190   0x0000004e   Code   RO         1744    i.UART_EndRxTransfer  stm32f1xx_hal_uart.o
    0x080031de   0x080031de   0x000000c2   Code   RO         1746    i.UART_Receive_IT   stm32f1xx_hal_uart.o
    0x080032a0   0x080032a0   0x000000b8   Code   RO         1747    i.UART_SetConfig    stm32f1xx_hal_uart.o
    0x08003358   0x08003358   0x00000078   Code   RO         1750    i.UART_WaitOnFlagUntilTimeout  stm32f1xx_hal_uart.o
    0x080033d0   0x080033d0   0x0000000c   Code   RO          249    i.USART2_IRQHandler  stm32f1xx_it.o
    0x080033dc   0x080033dc   0x00000002   Code   RO          250    i.UsageFault_Handler  stm32f1xx_it.o
    0x080033de   0x080033de   0x00000028   Code   RO         3615    i.__ARM_fpclassify  m_ws.l(fpclassify.o)
    0x08003406   0x08003406   0x00000020   Code   RO         1168    i.__NVIC_SetPriority  stm32f1xx_hal_cortex.o
    0x08003426   0x08003426   0x0000000e   Code   RO         3489    i._is_digit         c_w.l(__printf_wp.o)
    0x08003434   0x08003434   0x0000000c   Code   RO         2849    i.inHandlerMode     cmsis_os.o
    0x08003440   0x08003440   0x000000c8   Code   RO           18    i.main              main.o
    0x08003508   0x08003508   0x0000000c   Code   RO         2851    i.makeFreeRtosPriority  cmsis_os.o
    0x08003514   0x08003514   0x0000000e   Code   RO         2853    i.osDelay           cmsis_os.o
    0x08003522   0x08003522   0x0000000a   Code   RO         2856    i.osKernelStart     cmsis_os.o
    0x0800352c   0x0800352c   0x00000026   Code   RO         2865    i.osMessageCreate   cmsis_os.o
    0x08003552   0x08003552   0x00000002   PAD
    0x08003554   0x08003554   0x00000094   Code   RO         2867    i.osMessageGet      cmsis_os.o
    0x080035e8   0x080035e8   0x0000005c   Code   RO         2869    i.osMessagePut      cmsis_os.o
    0x08003644   0x08003644   0x00000010   Code   RO         2871    i.osMutexCreate     cmsis_os.o
    0x08003654   0x08003654   0x00000054   Code   RO         2890    i.osThreadCreate    cmsis_os.o
    0x080036a8   0x080036a8   0x00000070   Code   RO         2548    i.prvAddCurrentTaskToDelayedList  tasks.o
    0x08003718   0x08003718   0x000000d0   Code   RO         2549    i.prvAddNewTaskToReadyList  tasks.o
    0x080037e8   0x080037e8   0x00000026   Code   RO         2233    i.prvCopyDataFromQueue  queue.o
    0x0800380e   0x0800380e   0x0000006c   Code   RO         2234    i.prvCopyDataToQueue  queue.o
    0x0800387a   0x0800387a   0x00000034   Code   RO         2550    i.prvDeleteTCB      tasks.o
    0x080038ae   0x080038ae   0x00000002   PAD
    0x080038b0   0x080038b0   0x0000004c   Code   RO         3218    i.prvHeapInit       heap_4.o
    0x080038fc   0x080038fc   0x00000060   Code   RO         2551    i.prvIdleTask       tasks.o
    0x0800395c   0x0800395c   0x00000016   Code   RO         2235    i.prvInitialiseMutex  queue.o
    0x08003972   0x08003972   0x00000016   Code   RO         2236    i.prvInitialiseNewQueue  queue.o
    0x08003988   0x08003988   0x0000008e   Code   RO         2552    i.prvInitialiseNewTask  tasks.o
    0x08003a16   0x08003a16   0x00000002   PAD
    0x08003a18   0x08003a18   0x0000004c   Code   RO         3219    i.prvInsertBlockIntoFreeList  heap_4.o
    0x08003a64   0x08003a64   0x0000001c   Code   RO         2237    i.prvIsQueueEmpty   queue.o
    0x08003a80   0x08003a80   0x00000020   Code   RO         2553    i.prvResetNextTaskUnblockTime  tasks.o
    0x08003aa0   0x08003aa0   0x00000028   Code   RO         3280    i.prvTaskExitError  port.o
    0x08003ac8   0x08003ac8   0x0000006a   Code   RO         2238    i.prvUnlockQueue    queue.o
    0x08003b32   0x08003b32   0x00000002   PAD
    0x08003b34   0x08003b34   0x000000d8   Code   RO         3220    i.pvPortMalloc      heap_4.o
    0x08003c0c   0x08003c0c   0x00000024   Code   RO         3281    i.pxPortInitialiseStack  port.o
    0x08003c30   0x08003c30   0x0000000c   Code   RO         3360    i.response_init2    response_ci.o
    0x08003c3c   0x08003c3c   0x00000030   Code   RO         3362    i.response_print2   response_ci.o
    0x08003c6c   0x08003c6c   0x00000026   Code   RO         2193    i.uxListRemove      list.o
    0x08003c92   0x08003c92   0x00000002   PAD
    0x08003c94   0x08003c94   0x00000014   Code   RO          208    i.vApplicationGetIdleTaskMemory  freertos.o
    0x08003ca8   0x08003ca8   0x00000016   Code   RO         2194    i.vListInitialise   list.o
    0x08003cbe   0x08003cbe   0x00000006   Code   RO         2195    i.vListInitialiseItem  list.o
    0x08003cc4   0x08003cc4   0x00000030   Code   RO         2196    i.vListInsert       list.o
    0x08003cf4   0x08003cf4   0x00000018   Code   RO         2197    i.vListInsertEnd    list.o
    0x08003d0c   0x08003d0c   0x00000040   Code   RO         3283    i.vPortEnterCritical  port.o
    0x08003d4c   0x08003d4c   0x00000028   Code   RO         3284    i.vPortExitCritical  port.o
    0x08003d74   0x08003d74   0x0000005c   Code   RO         3221    i.vPortFree         heap_4.o
    0x08003dd0   0x08003dd0   0x00000024   Code   RO         3285    i.vPortSetupTimerInterrupt  port.o
    0x08003df4   0x08003df4   0x00000054   Code   RO         3286    i.vPortValidateInterruptPriority  port.o
    0x08003e48   0x08003e48   0x0000004c   Code   RO         2561    i.vTaskDelay        tasks.o
    0x08003e94   0x08003e94   0x00000010   Code   RO         2564    i.vTaskInternalSetTimeOutState  tasks.o
    0x08003ea4   0x08003ea4   0x0000000c   Code   RO         2565    i.vTaskMissedYield  tasks.o
    0x08003eb0   0x08003eb0   0x00000030   Code   RO         2567    i.vTaskPlaceOnEventList  tasks.o
    0x08003ee0   0x08003ee0   0x0000006c   Code   RO         2574    i.vTaskStartScheduler  tasks.o
    0x08003f4c   0x08003f4c   0x00000010   Code   RO         2576    i.vTaskSuspendAll   tasks.o
    0x08003f5c   0x08003f5c   0x0000005c   Code   RO         2577    i.vTaskSwitchContext  tasks.o
    0x08003fb8   0x08003fb8   0x000000a8   Code   RO         3287    i.xPortStartScheduler  port.o
    0x08004060   0x08004060   0x0000002c   Code   RO         3288    i.xPortSysTickHandler  port.o
    0x0800408c   0x0800408c   0x00000016   Code   RO         2245    i.xQueueCreateMutex  queue.o
    0x080040a2   0x080040a2   0x0000001a   Code   RO         2246    i.xQueueCreateMutexStatic  queue.o
    0x080040bc   0x080040bc   0x00000048   Code   RO         2247    i.xQueueGenericCreate  queue.o
    0x08004104   0x08004104   0x00000066   Code   RO         2248    i.xQueueGenericCreateStatic  queue.o
    0x0800416a   0x0800416a   0x00000002   PAD
    0x0800416c   0x0800416c   0x00000088   Code   RO         2249    i.xQueueGenericReset  queue.o
    0x080041f4   0x080041f4   0x00000160   Code   RO         2250    i.xQueueGenericSend  queue.o
    0x08004354   0x08004354   0x000000bc   Code   RO         2251    i.xQueueGenericSendFromISR  queue.o
    0x08004410   0x08004410   0x00000138   Code   RO         2257    i.xQueueReceive     queue.o
    0x08004548   0x08004548   0x0000009a   Code   RO         2258    i.xQueueReceiveFromISR  queue.o
    0x080045e2   0x080045e2   0x00000002   PAD
    0x080045e4   0x080045e4   0x00000074   Code   RO         2578    i.xTaskCheckForTimeOut  tasks.o
    0x08004658   0x08004658   0x0000005a   Code   RO         2579    i.xTaskCreate       tasks.o
    0x080046b2   0x080046b2   0x00000056   Code   RO         2580    i.xTaskCreateStatic  tasks.o
    0x08004708   0x08004708   0x0000001c   Code   RO         2584    i.xTaskGetSchedulerState  tasks.o
    0x08004724   0x08004724   0x000000c8   Code   RO         2587    i.xTaskIncrementTick  tasks.o
    0x080047ec   0x080047ec   0x00000098   Code   RO         2590    i.xTaskPriorityDisinherit  tasks.o
    0x08004884   0x08004884   0x00000074   Code   RO         2592    i.xTaskRemoveFromEventList  tasks.o
    0x080048f8   0x080048f8   0x000000c4   Code   RO         2593    i.xTaskResumeAll    tasks.o
    0x080049bc   0x080049bc   0x0000002c   Code   RO         3602    locale$$code        c_w.l(lc_numeric_c.o)
    0x080049e8   0x080049e8   0x0000002c   Code   RO         3623    locale$$code        c_w.l(lc_ctype_c.o)
    0x08004a14   0x08004a14   0x00000004   Code   RO         3524    x$fpl$printf1       fz_ws.l(printf1.o)
    0x08004a18   0x08004a18   0x00000004   Code   RO         3526    x$fpl$printf2       fz_ws.l(printf2.o)
    0x08004a1c   0x08004a1c   0x00000000   Code   RO         3614    x$fpl$usenofp       fz_ws.l(usenofp.o)
    0x08004a1c   0x08004a1c   0x00000048   Data   RO           20    .constdata          main.o
    0x08004a64   0x08004a64   0x00000012   Data   RO          866    .constdata          stm32f1xx_hal_rcc.o
    0x08004a76   0x08004a76   0x00000010   Data   RO         2056    .constdata          system_stm32f1xx.o
    0x08004a86   0x08004a86   0x00000008   Data   RO         2057    .constdata          system_stm32f1xx.o
    0x08004a8e   0x08004a8e   0x00000002   PAD
    0x08004a90   0x08004a90   0x00000008   Data   RO         3448    .constdata          c_w.l(_printf_wctomb.o)
    0x08004a98   0x08004a98   0x00000028   Data   RO         3477    .constdata          c_w.l(_printf_hex_int_ll_ptr.o)
    0x08004ac0   0x08004ac0   0x00000011   Data   RO         3497    .constdata          c_w.l(__printf_flags_ss_wp.o)
    0x08004ad1   0x08004ad1   0x00000026   Data   RO         3554    .constdata          c_w.l(_printf_fp_hex.o)
    0x08004af7   0x08004af7   0x00000001   PAD
    0x08004af8   0x08004af8   0x00000094   Data   RO         3577    .constdata          c_w.l(bigflt0.o)
    0x08004b8c   0x08004b8c   0x0000000e   Data   RO           21    .conststring        main.o
    0x08004b9a   0x08004b9a   0x00000002   PAD
    0x08004b9c   0x08004b9c   0x00000020   Data   RO         3749    Region$$Table       anon$$obj.o
    0x08004bbc   0x08004bbc   0x0000001c   Data   RO         3601    locale$$data        c_w.l(lc_numeric_c.o)
    0x08004bd8   0x08004bd8   0x00000110   Data   RO         3622    locale$$data        c_w.l(lc_ctype_c.o)


    Execution Region RW_IRAM1 (Exec base: 0x20000000, Load base: 0x08004ce8, Size: 0x000016a8, Max: 0x00005000, ABSOLUTE)

    Exec Addr    Load Addr    Size         Type   Attr      Idx    E Section Name        Object

    0x20000000   0x08004ce8   0x00000010   Data   RW           22    .data               main.o
    0x20000010   0x08004cf8   0x0000000c   Data   RW          703    .data               stm32f1xx_hal.o
    0x2000001c   0x08004d04   0x00000004   Data   RW         2058    .data               system_stm32f1xx.o
    0x20000020   0x08004d08   0x0000003c   Data   RW         2596    .data               tasks.o
    0x2000005c   0x08004d44   0x00000018   Data   RW         3226    .data               heap_4.o
    0x20000074   0x08004d5c   0x0000000c   Data   RW         3289    .data               port.o
    0x20000080   0x08004d68   0x00000008   Data   RW         3363    .data               response_ci.o
    0x20000088        -       0x00000078   Zero   RW           19    .bss                main.o
    0x20000100        -       0x00000254   Zero   RW          209    .bss                freertos.o
    0x20000354        -       0x000000f0   Zero   RW         2595    .bss                tasks.o
    0x20000444        -       0x00000c00   Zero   RW         3225    .bss                heap_4.o
    0x20001044        -       0x00000060   Zero   RW         3618    .bss                c_w.l(libspace.o)
    0x200010a4   0x08004d70   0x00000004   PAD
    0x200010a8        -       0x00000200   Zero   RW            2    HEAP                startup_stm32f103xb.o
    0x200012a8        -       0x00000400   Zero   RW            1    STACK               startup_stm32f103xb.o


==============================================================================

Image component sizes


      Code (inc. data)   RO Data    RW Data    ZI Data      Debug   Object Name

       426         10          0          0          0      29401   cmsis_os.o
         0          0          0          0          0      18148   event_groups.o
        20          4          0          0        596       1208   freertos.o
       460         24          0         24       3072       7163   heap_4.o
       138          0          0          0          0       3334   list.o
       500         64         86         16        120     449750   main.o
       662         70          0         12          0      11057   port.o
      1688         14          0          0          0      16731   queue.o
        60         12          0          8          0       2215   response_ci.o
        64         26        236          0       1536        800   startup_stm32f103xb.o
       128         24          0         12          0       5229   stm32f1xx_hal.o
      1220         42          0          0          0       7890   stm32f1xx_hal_adc.o
         2          0          0          0          0       1037   stm32f1xx_hal_adc_ex.o
       198         14          0          0          0      28875   stm32f1xx_hal_cortex.o
       222          4          0          0          0       1739   stm32f1xx_hal_dma.o
       480         34          0          0          0       2240   stm32f1xx_hal_gpio.o
       304         36          0          0          0       2207   stm32f1xx_hal_msp.o
      1240         84         18          0          0       5052   stm32f1xx_hal_rcc.o
       236         12          0          0          0       1364   stm32f1xx_hal_rcc_ex.o
      1474         10          0          0          0       9888   stm32f1xx_hal_uart.o
        60         12          0          0          0       3871   stm32f1xx_it.o
         0          0          0          0          0        392   stream_buffer.o
         2          0         24          4          0       1083   system_stm32f1xx.o
      1994        148          0         60        240      21286   tasks.o

    ----------------------------------------------------------------------
     11606        644        400        136       5564     631960   Object Totals
         0          0         32          0          0          0   (incl. Generated)
        28          0          4          0          0          0   (incl. Padding)

    ----------------------------------------------------------------------

      Code (inc. data)   RO Data    RW Data    ZI Data      Debug   Library Member Name

         8          0          0          0          0         68   __main.o
       392          4         17          0          0         92   __printf_flags_ss_wp.o
        14          0          0          0          0         68   __printf_wp.o
         0          0          0          0          0          0   __rtentry.o
        12          0          0          0          0          0   __rtentry2.o
         6          0          0          0          0          0   __rtentry4.o
        52          8          0          0          0          0   __scatter.o
        26          0          0          0          0          0   __scatter_copy.o
        28          0          0          0          0          0   __scatter_zi.o
         6          0          0          0          0          0   _printf_a.o
         6          0          0          0          0          0   _printf_c.o
        44          0          0          0          0        108   _printf_char.o
        48          6          0          0          0         96   _printf_char_common.o
        40          0          0          0          0         68   _printf_charcount.o
         6          0          0          0          0          0   _printf_d.o
       120         16          0          0          0         92   _printf_dec.o
         6          0          0          0          0          0   _printf_e.o
         6          0          0          0          0          0   _printf_f.o
      1054          0          0          0          0        216   _printf_fp_dec.o
       764          8         38          0          0        100   _printf_fp_hex.o
       128         16          0          0          0         84   _printf_fp_infnan.o
         6          0          0          0          0          0   _printf_g.o
       148          4         40          0          0        160   _printf_hex_int_ll_ptr.o
         6          0          0          0          0          0   _printf_i.o
       178          0          0          0          0         88   _printf_intcommon.o
        10          0          0          0          0          0   _printf_l.o
         6          0          0          0          0          0   _printf_lc.o
        10          0          0          0          0          0   _printf_ll.o
         6          0          0          0          0          0   _printf_lld.o
         6          0          0          0          0          0   _printf_lli.o
         6          0          0          0          0          0   _printf_llo.o
         6          0          0          0          0          0   _printf_llu.o
         6          0          0          0          0          0   _printf_llx.o
       124         16          0          0          0         92   _printf_longlong_dec.o
         6          0          0          0          0          0   _printf_ls.o
         6          0          0          0          0          0   _printf_n.o
         6          0          0          0          0          0   _printf_o.o
       112         10          0          0          0        124   _printf_oct_int_ll.o
         6          0          0          0          0          0   _printf_p.o
        78          0          0          0          0        108   _printf_pad.o
         0          0          0          0          0          0   _printf_percent.o
         4          0          0          0          0          0   _printf_percent_end.o
         6          0          0          0          0          0   _printf_s.o
        82          0          0          0          0         80   _printf_str.o
        36          0          0          0          0         84   _printf_truncate.o
         6          0          0          0          0          0   _printf_u.o
        44          0          0          0          0        108   _printf_wchar.o
       188          6          8          0          0         92   _printf_wctomb.o
         6          0          0          0          0          0   _printf_x.o
        10          0          0          0          0         68   _sputc.o
        64          0          0          0          0         92   _wcrtomb.o
       228          4        148          0          0         96   bigflt0.o
      1936        128          0          0          0        672   btod.o
        18          0          0          0          0         80   exit.o
         6          0          0          0          0        152   heapauxi.o
         0          0          0          0          0          0   indicate_semi.o
        44         10        272          0          0         76   lc_ctype_c.o
        44         10         28          0          0         76   lc_numeric_c.o
         2          0          0          0          0          0   libinit.o
        30          0          0          0          0          0   libinit2.o
         2          0          0          0          0          0   libshutdown.o
         2          0          0          0          0          0   libshutdown2.o
         8          4          0          0         96         68   libspace.o
       138          0          0          0          0         80   lludiv10.o
        16          4          0          0          0         76   rt_ctype_table.o
         8          4          0          0          0         68   rt_locale_intlibspace.o
        78          0          0          0          0         80   rt_memclr_w.o
       138          0          0          0          0         68   rt_memcpy_v6.o
       100          0          0          0          0         80   rt_memcpy_w.o
         2          0          0          0          0          0   rtexit.o
        10          0          0          0          0          0   rtexit2.o
       128          0          0          0          0         68   strcmpv7m.o
        62          0          0          0          0         76   strlen.o
        12          4          0          0          0         68   sys_exit.o
        74          0          0          0          0         80   sys_stackheap_outer.o
         2          0          0          0          0         68   use_no_semi.o
        36          4          0          0          0         76   vsprintf.o
         4          0          0          0          0         68   printf1.o
         4          0          0          0          0         68   printf2.o
         0          0          0          0          0          0   usenofp.o
        40          0          0          0          0         68   fpclassify.o

    ----------------------------------------------------------------------
      7130        266        552          0        100       4400   Library Totals
        14          0          1          0          4          0   (incl. Padding)

    ----------------------------------------------------------------------

      Code (inc. data)   RO Data    RW Data    ZI Data      Debug   Library Name

      7068        266        551          0         96       4196   c_w.l
         8          0          0          0          0        136   fz_ws.l
        40          0          0          0          0         68   m_ws.l

    ----------------------------------------------------------------------
      7130        266        552          0        100       4400   Library Totals

    ----------------------------------------------------------------------

==============================================================================


      Code (inc. data)   RO Data    RW Data    ZI Data      Debug   

     18736        910        952        136       5664     627672   Grand Totals
     18736        910        952        136       5664     627672   ELF Image Totals
     18736        910        952        136          0          0   ROM Totals

==============================================================================

    Total RO  Size (Code + RO Data)                19688 (  19.23kB)
    Total RW  Size (RW Data + ZI Data)              5800 (   5.66kB)
    Total ROM Size (Code + RO Data + RW Data)      19824 (  19.36kB)

==============================================================================

